[2023-02-19T18:08:44.572+0100][gc,init] CardTable entry size: 512
[2023-02-19T18:08:44.572+0100][gc     ] Using G1
[2023-02-19T18:08:44.579+0100][gc,init] Version: 19.0.1+10-21 (release)
[2023-02-19T18:08:44.579+0100][gc,init] CPUs: 4 total, 4 available
[2023-02-19T18:08:44.579+0100][gc,init] Memory: 16384M
[2023-02-19T18:08:44.579+0100][gc,init] Large Page Support: Disabled
[2023-02-19T18:08:44.579+0100][gc,init] NUMA Support: Disabled
[2023-02-19T18:08:44.579+0100][gc,init] Compressed Oops: Enabled (Zero based)
[2023-02-19T18:08:44.579+0100][gc,init] Heap Region Size: 1M
[2023-02-19T18:08:44.579+0100][gc,init] Heap Min Capacity: 1G
[2023-02-19T18:08:44.579+0100][gc,init] Heap Initial Capacity: 1G
[2023-02-19T18:08:44.579+0100][gc,init] Heap Max Capacity: 1G
[2023-02-19T18:08:44.579+0100][gc,init] Pre-touch: Disabled
[2023-02-19T18:08:44.579+0100][gc,init] Parallel Workers: 4
[2023-02-19T18:08:44.579+0100][gc,init] Concurrent Workers: 1
[2023-02-19T18:08:44.579+0100][gc,init] Concurrent Refinement Workers: 4
[2023-02-19T18:08:44.579+0100][gc,init] Periodic GC: Disabled
[2023-02-19T18:08:44.579+0100][gc,metaspace] CDS archive(s) mapped at: [0x0000000800000000-0x0000000800c44000-0x0000000800c44000), size 12861440, SharedBaseAddress: 0x0000000800000000, ArchiveRelocationMode: 0.
[2023-02-19T18:08:44.579+0100][gc,metaspace] Compressed class space mapped at: 0x0000000801000000-0x0000000841000000, reserved size: 1073741824
[2023-02-19T18:08:44.579+0100][gc,metaspace] Narrow klass base: 0x0000000800000000, Narrow klass shift: 0, Narrow klass range: 0x100000000
[2023-02-19T18:08:46.354+0100][gc,start    ] GC(0) Pause Young (Normal) (G1 Evacuation Pause)
[2023-02-19T18:08:46.355+0100][gc,task     ] GC(0) Using 4 workers of 4 for evacuation
[2023-02-19T18:08:46.365+0100][gc,phases   ] GC(0)   Pre Evacuate Collection Set: 0.1ms
[2023-02-19T18:08:46.365+0100][gc,phases   ] GC(0)   Merge Heap Roots: 0.1ms
[2023-02-19T18:08:46.365+0100][gc,phases   ] GC(0)   Evacuate Collection Set: 9.5ms
[2023-02-19T18:08:46.365+0100][gc,phases   ] GC(0)   Post Evacuate Collection Set: 0.9ms
[2023-02-19T18:08:46.365+0100][gc,phases   ] GC(0)   Other: 0.4ms
[2023-02-19T18:08:46.365+0100][gc,heap     ] GC(0) Eden regions: 51->0(44)
[2023-02-19T18:08:46.366+0100][gc,heap     ] GC(0) Survivor regions: 0->7(7)
[2023-02-19T18:08:46.366+0100][gc,heap     ] GC(0) Old regions: 0->1
[2023-02-19T18:08:46.366+0100][gc,heap     ] GC(0) Archive regions: 2->2
[2023-02-19T18:08:46.366+0100][gc,heap     ] GC(0) Humongous regions: 0->0
[2023-02-19T18:08:46.366+0100][gc,metaspace] GC(0) Metaspace: 18532K(18752K)->18532K(18752K) NonClass: 16436K(16512K)->16436K(16512K) Class: 2096K(2240K)->2096K(2240K)
[2023-02-19T18:08:46.366+0100][gc          ] GC(0) Pause Young (Normal) (G1 Evacuation Pause) 51M->7M(1024M) 11.551ms
[2023-02-19T18:08:46.366+0100][gc,cpu      ] GC(0) User=0.02s Sys=0.00s Real=0.01s
[2023-02-19T18:08:46.663+0100][gc,start    ] GC(1) Pause Young (Concurrent Start) (Metadata GC Threshold)
[2023-02-19T18:08:46.663+0100][gc,task     ] GC(1) Using 4 workers of 4 for evacuation
[2023-02-19T18:08:46.670+0100][gc,phases   ] GC(1)   Pre Evacuate Collection Set: 0.2ms
[2023-02-19T18:08:46.670+0100][gc,phases   ] GC(1)   Merge Heap Roots: 0.1ms
[2023-02-19T18:08:46.670+0100][gc,phases   ] GC(1)   Evacuate Collection Set: 6.8ms
[2023-02-19T18:08:46.670+0100][gc,phases   ] GC(1)   Post Evacuate Collection Set: 0.3ms
[2023-02-19T18:08:46.670+0100][gc,phases   ] GC(1)   Other: 0.1ms
[2023-02-19T18:08:46.670+0100][gc,heap     ] GC(1) Eden regions: 11->0(50)
[2023-02-19T18:08:46.670+0100][gc,heap     ] GC(1) Survivor regions: 7->1(7)
[2023-02-19T18:08:46.670+0100][gc,heap     ] GC(1) Old regions: 1->8
[2023-02-19T18:08:46.670+0100][gc,heap     ] GC(1) Archive regions: 2->2
[2023-02-19T18:08:46.670+0100][gc,heap     ] GC(1) Humongous regions: 0->0
[2023-02-19T18:08:46.670+0100][gc,metaspace] GC(1) Metaspace: 21276K(21504K)->21276K(21504K) NonClass: 18838K(18944K)->18838K(18944K) Class: 2438K(2560K)->2438K(2560K)
[2023-02-19T18:08:46.670+0100][gc          ] GC(1) Pause Young (Concurrent Start) (Metadata GC Threshold) 18M->9M(1024M) 7.827ms
[2023-02-19T18:08:46.670+0100][gc          ] GC(2) Concurrent Mark Cycle
[2023-02-19T18:08:46.670+0100][gc,cpu      ] GC(1) User=0.02s Sys=0.01s Real=0.01s
[2023-02-19T18:08:46.670+0100][gc,marking  ] GC(2) Concurrent Clear Claimed Marks
[2023-02-19T18:08:46.670+0100][gc,marking  ] GC(2) Concurrent Clear Claimed Marks 0.056ms
[2023-02-19T18:08:46.670+0100][gc,marking  ] GC(2) Concurrent Scan Root Regions
[2023-02-19T18:08:46.674+0100][gc,marking  ] GC(2) Concurrent Scan Root Regions 3.991ms
[2023-02-19T18:08:46.675+0100][gc,marking  ] GC(2) Concurrent Mark
[2023-02-19T18:08:46.675+0100][gc,marking  ] GC(2) Concurrent Mark From Roots
[2023-02-19T18:08:46.675+0100][gc,task     ] GC(2) Using 1 workers of 1 for marking
[2023-02-19T18:08:46.675+0100][gc,marking  ] GC(2) Concurrent Mark From Roots 0.905ms
[2023-02-19T18:08:46.675+0100][gc,marking  ] GC(2) Concurrent Preclean
[2023-02-19T18:08:46.676+0100][gc,marking  ] GC(2) Concurrent Preclean 0.022ms
[2023-02-19T18:08:46.676+0100][gc,start    ] GC(2) Pause Remark
[2023-02-19T18:08:46.677+0100][gc          ] GC(2) Pause Remark 9M->9M(1024M) 1.652ms
[2023-02-19T18:08:46.677+0100][gc,cpu      ] GC(2) User=0.00s Sys=0.00s Real=0.00s
[2023-02-19T18:08:46.677+0100][gc,marking  ] GC(2) Concurrent Mark 2.865ms
[2023-02-19T18:08:46.677+0100][gc,marking  ] GC(2) Concurrent Rebuild Remembered Sets
[2023-02-19T18:08:46.682+0100][gc,marking  ] GC(2) Concurrent Rebuild Remembered Sets 4.478ms
[2023-02-19T18:08:46.682+0100][gc,start    ] GC(2) Pause Cleanup
[2023-02-19T18:08:46.682+0100][gc          ] GC(2) Pause Cleanup 10M->10M(1024M) 0.091ms
[2023-02-19T18:08:46.682+0100][gc,cpu      ] GC(2) User=0.00s Sys=0.00s Real=0.00s
[2023-02-19T18:08:46.682+0100][gc,marking  ] GC(2) Concurrent Cleanup for Next Mark
[2023-02-19T18:08:46.691+0100][gc,marking  ] GC(2) Concurrent Cleanup for Next Mark 9.314ms
[2023-02-19T18:08:46.692+0100][gc          ] GC(2) Concurrent Mark Cycle 21.175ms
[2023-02-19T18:08:48.146+0100][gc,start    ] GC(3) Pause Young (Normal) (G1 Evacuation Pause)
[2023-02-19T18:08:48.146+0100][gc,task     ] GC(3) Using 4 workers of 4 for evacuation
[2023-02-19T18:08:48.152+0100][gc,phases   ] GC(3)   Pre Evacuate Collection Set: 0.1ms
[2023-02-19T18:08:48.152+0100][gc,phases   ] GC(3)   Merge Heap Roots: 0.1ms
[2023-02-19T18:08:48.152+0100][gc,phases   ] GC(3)   Evacuate Collection Set: 6.1ms
[2023-02-19T18:08:48.152+0100][gc,phases   ] GC(3)   Post Evacuate Collection Set: 0.4ms
[2023-02-19T18:08:48.153+0100][gc,phases   ] GC(3)   Other: 0.1ms
[2023-02-19T18:08:48.153+0100][gc,heap     ] GC(3) Eden regions: 50->0(45)
[2023-02-19T18:08:48.153+0100][gc,heap     ] GC(3) Survivor regions: 1->6(7)
[2023-02-19T18:08:48.153+0100][gc,heap     ] GC(3) Old regions: 8->8
[2023-02-19T18:08:48.153+0100][gc,heap     ] GC(3) Archive regions: 2->2
[2023-02-19T18:08:48.153+0100][gc,heap     ] GC(3) Humongous regions: 129->129
[2023-02-19T18:08:48.153+0100][gc,metaspace] GC(3) Metaspace: 31504K(31872K)->31504K(31872K) NonClass: 28056K(28288K)->28056K(28288K) Class: 3448K(3584K)->3448K(3584K)
[2023-02-19T18:08:48.153+0100][gc          ] GC(3) Pause Young (Normal) (G1 Evacuation Pause) 188M->142M(1024M) 7.009ms
[2023-02-19T18:08:48.153+0100][gc,cpu      ] GC(3) User=0.02s Sys=0.00s Real=0.01s
[2023-02-19T18:08:48.426+0100][gc,start    ] GC(4) Pause Young (Concurrent Start) (Metadata GC Threshold)
[2023-02-19T18:08:48.426+0100][gc,task     ] GC(4) Using 4 workers of 4 for evacuation
[2023-02-19T18:08:48.434+0100][gc,phases   ] GC(4)   Pre Evacuate Collection Set: 0.2ms
[2023-02-19T18:08:48.434+0100][gc,phases   ] GC(4)   Merge Heap Roots: 0.0ms
[2023-02-19T18:08:48.434+0100][gc,phases   ] GC(4)   Evacuate Collection Set: 7.8ms
[2023-02-19T18:08:48.434+0100][gc,phases   ] GC(4)   Post Evacuate Collection Set: 0.3ms
[2023-02-19T18:08:48.434+0100][gc,phases   ] GC(4)   Other: 0.1ms
[2023-02-19T18:08:48.434+0100][gc,heap     ] GC(4) Eden regions: 18->0(49)
[2023-02-19T18:08:48.434+0100][gc,heap     ] GC(4) Survivor regions: 6->2(7)
[2023-02-19T18:08:48.434+0100][gc,heap     ] GC(4) Old regions: 8->13
[2023-02-19T18:08:48.434+0100][gc,heap     ] GC(4) Archive regions: 2->2
[2023-02-19T18:08:48.434+0100][gc,heap     ] GC(4) Humongous regions: 129->129
[2023-02-19T18:08:48.434+0100][gc,metaspace] GC(4) Metaspace: 35821K(36096K)->35821K(36096K) NonClass: 31969K(32128K)->31969K(32128K) Class: 3852K(3968K)->3852K(3968K)
[2023-02-19T18:08:48.434+0100][gc          ] GC(4) Pause Young (Concurrent Start) (Metadata GC Threshold) 159M->144M(1024M) 8.732ms
[2023-02-19T18:08:48.434+0100][gc          ] GC(5) Concurrent Mark Cycle
[2023-02-19T18:08:48.434+0100][gc,cpu      ] GC(4) User=0.03s Sys=0.00s Real=0.01s
[2023-02-19T18:08:48.434+0100][gc,marking  ] GC(5) Concurrent Clear Claimed Marks
[2023-02-19T18:08:48.435+0100][gc,marking  ] GC(5) Concurrent Clear Claimed Marks 0.088ms
[2023-02-19T18:08:48.435+0100][gc,marking  ] GC(5) Concurrent Scan Root Regions
[2023-02-19T18:08:48.442+0100][gc,marking  ] GC(5) Concurrent Scan Root Regions 7.738ms
[2023-02-19T18:08:48.442+0100][gc,marking  ] GC(5) Concurrent Mark
[2023-02-19T18:08:48.442+0100][gc,marking  ] GC(5) Concurrent Mark From Roots
[2023-02-19T18:08:48.442+0100][gc,task     ] GC(5) Using 1 workers of 1 for marking
[2023-02-19T18:08:48.457+0100][gc,marking  ] GC(5) Concurrent Mark From Roots 14.581ms
[2023-02-19T18:08:48.457+0100][gc,marking  ] GC(5) Concurrent Preclean
[2023-02-19T18:08:48.457+0100][gc,marking  ] GC(5) Concurrent Preclean 0.066ms
[2023-02-19T18:08:48.457+0100][gc,start    ] GC(5) Pause Remark
[2023-02-19T18:08:48.459+0100][gc          ] GC(5) Pause Remark 147M->147M(1024M) 2.007ms
[2023-02-19T18:08:48.459+0100][gc,cpu      ] GC(5) User=0.01s Sys=0.00s Real=0.00s
[2023-02-19T18:08:48.462+0100][gc,marking  ] GC(5) Concurrent Mark 19.547ms
[2023-02-19T18:08:48.462+0100][gc,marking  ] GC(5) Concurrent Rebuild Remembered Sets
[2023-02-19T18:08:48.476+0100][gc,marking  ] GC(5) Concurrent Rebuild Remembered Sets 14.451ms
[2023-02-19T18:08:48.477+0100][gc,start    ] GC(5) Pause Cleanup
[2023-02-19T18:08:48.477+0100][gc          ] GC(5) Pause Cleanup 148M->148M(1024M) 0.129ms
[2023-02-19T18:08:48.477+0100][gc,cpu      ] GC(5) User=0.00s Sys=0.00s Real=0.00s
[2023-02-19T18:08:48.477+0100][gc,marking  ] GC(5) Concurrent Cleanup for Next Mark
[2023-02-19T18:08:48.490+0100][gc,marking  ] GC(5) Concurrent Cleanup for Next Mark 12.931ms
[2023-02-19T18:08:48.490+0100][gc          ] GC(5) Concurrent Mark Cycle 55.363ms
[2023-02-19T18:17:28.875+0100][gc,start    ] GC(6) Pause Young (Prepare Mixed) (G1 Evacuation Pause)
[2023-02-19T18:17:28.877+0100][gc,task     ] GC(6) Using 4 workers of 4 for evacuation
[2023-02-19T18:17:28.886+0100][gc,phases   ] GC(6)   Pre Evacuate Collection Set: 0.1ms
[2023-02-19T18:17:28.886+0100][gc,phases   ] GC(6)   Merge Heap Roots: 0.1ms
[2023-02-19T18:17:28.886+0100][gc,phases   ] GC(6)   Evacuate Collection Set: 8.6ms
[2023-02-19T18:17:28.886+0100][gc,phases   ] GC(6)   Post Evacuate Collection Set: 0.6ms
[2023-02-19T18:17:28.886+0100][gc,phases   ] GC(6)   Other: 0.2ms
[2023-02-19T18:17:28.886+0100][gc,heap     ] GC(6) Eden regions: 49->0(46)
[2023-02-19T18:17:28.886+0100][gc,heap     ] GC(6) Survivor regions: 2->5(7)
[2023-02-19T18:17:28.886+0100][gc,heap     ] GC(6) Old regions: 13->13
[2023-02-19T18:17:28.886+0100][gc,heap     ] GC(6) Archive regions: 2->2
[2023-02-19T18:17:28.886+0100][gc,heap     ] GC(6) Humongous regions: 147->129
[2023-02-19T18:17:28.886+0100][gc,metaspace] GC(6) Metaspace: 41863K(42560K)->41863K(42560K) NonClass: 37073K(37440K)->37073K(37440K) Class: 4789K(5120K)->4789K(5120K)
[2023-02-19T18:17:28.887+0100][gc          ] GC(6) Pause Young (Prepare Mixed) (G1 Evacuation Pause) 211M->147M(1024M) 11.480ms
[2023-02-19T18:17:28.887+0100][gc,cpu      ] GC(6) User=0.02s Sys=0.00s Real=0.01s
[2023-02-20T08:47:43.582+0100][gc,start    ] GC(7) Pause Young (Mixed) (G1 Evacuation Pause)
[2023-02-20T08:47:43.582+0100][gc,task     ] GC(7) Using 4 workers of 4 for evacuation
[2023-02-20T08:47:43.633+0100][gc,mmu      ] GC(7) MMU target violated: 21.0ms (20.0ms/21.0ms)
[2023-02-20T08:47:43.633+0100][gc,phases   ] GC(7)   Pre Evacuate Collection Set: 0.9ms
[2023-02-20T08:47:43.634+0100][gc,phases   ] GC(7)   Merge Heap Roots: 0.4ms
[2023-02-20T08:47:43.634+0100][gc,phases   ] GC(7)   Evacuate Collection Set: 47.9ms
[2023-02-20T08:47:43.634+0100][gc,phases   ] GC(7)   Post Evacuate Collection Set: 2.0ms
[2023-02-20T08:47:43.634+0100][gc,phases   ] GC(7)   Other: 0.3ms
[2023-02-20T08:47:43.634+0100][gc,heap     ] GC(7) Eden regions: 46->0(47)
[2023-02-20T08:47:43.634+0100][gc,heap     ] GC(7) Survivor regions: 5->4(7)
[2023-02-20T08:47:43.634+0100][gc,heap     ] GC(7) Old regions: 13->14
[2023-02-20T08:47:43.634+0100][gc,heap     ] GC(7) Archive regions: 2->2
[2023-02-20T08:47:43.634+0100][gc,heap     ] GC(7) Humongous regions: 129->129
[2023-02-20T08:47:43.634+0100][gc,metaspace] GC(7) Metaspace: 43195K(43840K)->43195K(43840K) NonClass: 38211K(38528K)->38211K(38528K) Class: 4983K(5312K)->4983K(5312K)
[2023-02-20T08:47:43.634+0100][gc          ] GC(7) Pause Young (Mixed) (G1 Evacuation Pause) 193M->147M(1024M) 52.018ms
[2023-02-20T08:47:43.634+0100][gc,cpu      ] GC(7) User=0.05s Sys=0.09s Real=0.05s
[2023-02-20T08:47:43.648+0100][gc,heap,exit] Heap
[2023-02-20T08:47:43.648+0100][gc,heap,exit]  garbage-first heap   total 1048576K, used 151588K [0x00000007c0000000, 0x0000000800000000)
[2023-02-20T08:47:43.648+0100][gc,heap,exit]   region size 1024K, 5 young (5120K), 4 survivors (4096K)
[2023-02-20T08:47:43.648+0100][gc,heap,exit]  Metaspace       used 43217K, committed 43904K, reserved 1114112K
[2023-02-20T08:47:43.648+0100][gc,heap,exit]   class space    used 4990K, committed 5312K, reserved 1048576K
