[2023-02-19T16:51:46.485+0100][gc,init] CardTable entry size: 512
[2023-02-19T16:51:46.485+0100][gc     ] Using G1
[2023-02-19T16:51:46.494+0100][gc,init] Version: 19.0.1+10-21 (release)
[2023-02-19T16:51:46.494+0100][gc,init] CPUs: 4 total, 4 available
[2023-02-19T16:51:46.494+0100][gc,init] Memory: 16384M
[2023-02-19T16:51:46.494+0100][gc,init] Large Page Support: Disabled
[2023-02-19T16:51:46.494+0100][gc,init] NUMA Support: Disabled
[2023-02-19T16:51:46.494+0100][gc,init] Compressed Oops: Enabled (Zero based)
[2023-02-19T16:51:46.494+0100][gc,init] Heap Region Size: 1M
[2023-02-19T16:51:46.494+0100][gc,init] Heap Min Capacity: 1G
[2023-02-19T16:51:46.494+0100][gc,init] Heap Initial Capacity: 1G
[2023-02-19T16:51:46.494+0100][gc,init] Heap Max Capacity: 1G
[2023-02-19T16:51:46.494+0100][gc,init] Pre-touch: Disabled
[2023-02-19T16:51:46.494+0100][gc,init] Parallel Workers: 4
[2023-02-19T16:51:46.494+0100][gc,init] Concurrent Workers: 1
[2023-02-19T16:51:46.495+0100][gc,init] Concurrent Refinement Workers: 4
[2023-02-19T16:51:46.495+0100][gc,init] Periodic GC: Disabled
[2023-02-19T16:51:46.495+0100][gc,metaspace] CDS archive(s) mapped at: [0x0000000800000000-0x0000000800c44000-0x0000000800c44000), size 12861440, SharedBaseAddress: 0x0000000800000000, ArchiveRelocationMode: 0.
[2023-02-19T16:51:46.495+0100][gc,metaspace] Compressed class space mapped at: 0x0000000801000000-0x0000000841000000, reserved size: 1073741824
[2023-02-19T16:51:46.495+0100][gc,metaspace] Narrow klass base: 0x0000000800000000, Narrow klass shift: 0, Narrow klass range: 0x100000000
[2023-02-19T16:51:48.317+0100][gc,start    ] GC(0) Pause Young (Normal) (G1 Evacuation Pause)
[2023-02-19T16:51:48.317+0100][gc,task     ] GC(0) Using 4 workers of 4 for evacuation
[2023-02-19T16:51:48.326+0100][gc,phases   ] GC(0)   Pre Evacuate Collection Set: 0.1ms
[2023-02-19T16:51:48.326+0100][gc,phases   ] GC(0)   Merge Heap Roots: 0.1ms
[2023-02-19T16:51:48.326+0100][gc,phases   ] GC(0)   Evacuate Collection Set: 6.7ms
[2023-02-19T16:51:48.326+0100][gc,phases   ] GC(0)   Post Evacuate Collection Set: 1.4ms
[2023-02-19T16:51:48.326+0100][gc,phases   ] GC(0)   Other: 0.5ms
[2023-02-19T16:51:48.326+0100][gc,heap     ] GC(0) Eden regions: 51->0(44)
[2023-02-19T16:51:48.326+0100][gc,heap     ] GC(0) Survivor regions: 0->7(7)
[2023-02-19T16:51:48.326+0100][gc,heap     ] GC(0) Old regions: 0->0
[2023-02-19T16:51:48.326+0100][gc,heap     ] GC(0) Archive regions: 2->2
[2023-02-19T16:51:48.326+0100][gc,heap     ] GC(0) Humongous regions: 0->0
[2023-02-19T16:51:48.326+0100][gc,metaspace] GC(0) Metaspace: 18538K(18752K)->18538K(18752K) NonClass: 16442K(16512K)->16442K(16512K) Class: 2096K(2240K)->2096K(2240K)
[2023-02-19T16:51:48.326+0100][gc          ] GC(0) Pause Young (Normal) (G1 Evacuation Pause) 51M->7M(1024M) 9.564ms
[2023-02-19T16:51:48.326+0100][gc,cpu      ] GC(0) User=0.03s Sys=0.01s Real=0.01s
[2023-02-19T16:51:48.673+0100][gc,start    ] GC(1) Pause Young (Concurrent Start) (Metadata GC Threshold)
[2023-02-19T16:51:48.673+0100][gc,task     ] GC(1) Using 4 workers of 4 for evacuation
[2023-02-19T16:51:48.687+0100][gc,phases   ] GC(1)   Pre Evacuate Collection Set: 0.1ms
[2023-02-19T16:51:48.687+0100][gc,phases   ] GC(1)   Merge Heap Roots: 0.0ms
[2023-02-19T16:51:48.687+0100][gc,phases   ] GC(1)   Evacuate Collection Set: 13.1ms
[2023-02-19T16:51:48.687+0100][gc,phases   ] GC(1)   Post Evacuate Collection Set: 0.4ms
[2023-02-19T16:51:48.687+0100][gc,phases   ] GC(1)   Other: 0.1ms
[2023-02-19T16:51:48.687+0100][gc,heap     ] GC(1) Eden regions: 11->0(49)
[2023-02-19T16:51:48.687+0100][gc,heap     ] GC(1) Survivor regions: 7->2(7)
[2023-02-19T16:51:48.687+0100][gc,heap     ] GC(1) Old regions: 0->8
[2023-02-19T16:51:48.687+0100][gc,heap     ] GC(1) Archive regions: 2->2
[2023-02-19T16:51:48.687+0100][gc,heap     ] GC(1) Humongous regions: 0->0
[2023-02-19T16:51:48.687+0100][gc,metaspace] GC(1) Metaspace: 21310K(21504K)->21310K(21504K) NonClass: 18871K(18944K)->18871K(18944K) Class: 2439K(2560K)->2439K(2560K)
[2023-02-19T16:51:48.687+0100][gc          ] GC(1) Pause Young (Concurrent Start) (Metadata GC Threshold) 18M->9M(1024M) 14.160ms
[2023-02-19T16:51:48.687+0100][gc          ] GC(2) Concurrent Mark Cycle
[2023-02-19T16:51:48.687+0100][gc,cpu      ] GC(1) User=0.02s Sys=0.00s Real=0.01s
[2023-02-19T16:51:48.687+0100][gc,marking  ] GC(2) Concurrent Clear Claimed Marks
[2023-02-19T16:51:48.687+0100][gc,marking  ] GC(2) Concurrent Clear Claimed Marks 0.060ms
[2023-02-19T16:51:48.687+0100][gc,marking  ] GC(2) Concurrent Scan Root Regions
[2023-02-19T16:51:48.695+0100][gc,marking  ] GC(2) Concurrent Scan Root Regions 7.999ms
[2023-02-19T16:51:48.695+0100][gc,marking  ] GC(2) Concurrent Mark
[2023-02-19T16:51:48.695+0100][gc,marking  ] GC(2) Concurrent Mark From Roots
[2023-02-19T16:51:48.695+0100][gc,task     ] GC(2) Using 1 workers of 1 for marking
[2023-02-19T16:51:48.700+0100][gc,marking  ] GC(2) Concurrent Mark From Roots 4.631ms
[2023-02-19T16:51:48.700+0100][gc,marking  ] GC(2) Concurrent Preclean
[2023-02-19T16:51:48.700+0100][gc,marking  ] GC(2) Concurrent Preclean 0.204ms
[2023-02-19T16:51:48.700+0100][gc,start    ] GC(2) Pause Remark
[2023-02-19T16:51:48.702+0100][gc          ] GC(2) Pause Remark 10M->10M(1024M) 2.079ms
[2023-02-19T16:51:48.703+0100][gc,cpu      ] GC(2) User=0.01s Sys=0.00s Real=0.00s
[2023-02-19T16:51:48.703+0100][gc,marking  ] GC(2) Concurrent Mark 7.205ms
[2023-02-19T16:51:48.703+0100][gc,marking  ] GC(2) Concurrent Rebuild Remembered Sets
[2023-02-19T16:51:48.708+0100][gc,marking  ] GC(2) Concurrent Rebuild Remembered Sets 5.462ms
[2023-02-19T16:51:48.709+0100][gc,start    ] GC(2) Pause Cleanup
[2023-02-19T16:51:48.709+0100][gc          ] GC(2) Pause Cleanup 10M->10M(1024M) 0.392ms
[2023-02-19T16:51:48.709+0100][gc,cpu      ] GC(2) User=0.00s Sys=0.00s Real=0.00s
[2023-02-19T16:51:48.709+0100][gc,marking  ] GC(2) Concurrent Cleanup for Next Mark
[2023-02-19T16:51:48.723+0100][gc,marking  ] GC(2) Concurrent Cleanup for Next Mark 13.923ms
[2023-02-19T16:51:48.724+0100][gc          ] GC(2) Concurrent Mark Cycle 36.502ms
[2023-02-19T16:51:50.606+0100][gc,start    ] GC(3) Pause Young (Normal) (G1 Evacuation Pause)
[2023-02-19T16:51:50.606+0100][gc,task     ] GC(3) Using 4 workers of 4 for evacuation
[2023-02-19T16:51:50.615+0100][gc,phases   ] GC(3)   Pre Evacuate Collection Set: 0.1ms
[2023-02-19T16:51:50.615+0100][gc,phases   ] GC(3)   Merge Heap Roots: 0.1ms
[2023-02-19T16:51:50.615+0100][gc,phases   ] GC(3)   Evacuate Collection Set: 8.5ms
[2023-02-19T16:51:50.615+0100][gc,phases   ] GC(3)   Post Evacuate Collection Set: 0.7ms
[2023-02-19T16:51:50.615+0100][gc,phases   ] GC(3)   Other: 0.1ms
[2023-02-19T16:51:50.615+0100][gc,heap     ] GC(3) Eden regions: 49->0(45)
[2023-02-19T16:51:50.615+0100][gc,heap     ] GC(3) Survivor regions: 2->6(7)
[2023-02-19T16:51:50.615+0100][gc,heap     ] GC(3) Old regions: 8->8
[2023-02-19T16:51:50.615+0100][gc,heap     ] GC(3) Archive regions: 2->2
[2023-02-19T16:51:50.615+0100][gc,heap     ] GC(3) Humongous regions: 129->129
[2023-02-19T16:51:50.616+0100][gc,metaspace] GC(3) Metaspace: 31126K(31488K)->31126K(31488K) NonClass: 27729K(27904K)->27729K(27904K) Class: 3396K(3584K)->3396K(3584K)
[2023-02-19T16:51:50.616+0100][gc          ] GC(3) Pause Young (Normal) (G1 Evacuation Pause) 187M->142M(1024M) 9.742ms
[2023-02-19T16:51:50.616+0100][gc,cpu      ] GC(3) User=0.02s Sys=0.00s Real=0.01s
[2023-02-19T16:51:51.169+0100][gc,start    ] GC(4) Pause Young (Concurrent Start) (GCLocker Initiated GC)
[2023-02-19T16:51:51.169+0100][gc,task     ] GC(4) Using 4 workers of 4 for evacuation
[2023-02-19T16:51:51.182+0100][gc,phases   ] GC(4)   Pre Evacuate Collection Set: 0.2ms
[2023-02-19T16:51:51.182+0100][gc,phases   ] GC(4)   Merge Heap Roots: 0.0ms
[2023-02-19T16:51:51.182+0100][gc,phases   ] GC(4)   Evacuate Collection Set: 11.4ms
[2023-02-19T16:51:51.182+0100][gc,phases   ] GC(4)   Post Evacuate Collection Set: 0.8ms
[2023-02-19T16:51:51.182+0100][gc,phases   ] GC(4)   Other: 0.1ms
[2023-02-19T16:51:51.182+0100][gc,heap     ] GC(4) Eden regions: 19->0(49)
[2023-02-19T16:51:51.182+0100][gc,heap     ] GC(4) Survivor regions: 6->2(7)
[2023-02-19T16:51:51.182+0100][gc,heap     ] GC(4) Old regions: 8->12
[2023-02-19T16:51:51.182+0100][gc,heap     ] GC(4) Archive regions: 2->2
[2023-02-19T16:51:51.182+0100][gc,heap     ] GC(4) Humongous regions: 129->129
[2023-02-19T16:51:51.182+0100][gc,metaspace] GC(4) Metaspace: 35812K(36160K)->35812K(36160K) NonClass: 31934K(32128K)->31934K(32128K) Class: 3877K(4032K)->3877K(4032K)
[2023-02-19T16:51:51.182+0100][gc          ] GC(4) Pause Young (Concurrent Start) (GCLocker Initiated GC) 160M->143M(1024M) 13.044ms
[2023-02-19T16:51:51.182+0100][gc          ] GC(5) Concurrent Mark Cycle
[2023-02-19T16:51:51.182+0100][gc,cpu      ] GC(4) User=0.03s Sys=0.01s Real=0.02s
[2023-02-19T16:51:51.182+0100][gc,marking  ] GC(5) Concurrent Clear Claimed Marks
[2023-02-19T16:51:51.182+0100][gc,marking  ] GC(5) Concurrent Clear Claimed Marks 0.070ms
[2023-02-19T16:51:51.182+0100][gc,marking  ] GC(5) Concurrent Scan Root Regions
[2023-02-19T16:51:51.192+0100][gc,marking  ] GC(5) Concurrent Scan Root Regions 9.412ms
[2023-02-19T16:51:51.192+0100][gc,marking  ] GC(5) Concurrent Mark
[2023-02-19T16:51:51.192+0100][gc,marking  ] GC(5) Concurrent Mark From Roots
[2023-02-19T16:51:51.192+0100][gc,task     ] GC(5) Using 1 workers of 1 for marking
[2023-02-19T16:51:51.209+0100][gc,marking  ] GC(5) Concurrent Mark From Roots 17.002ms
[2023-02-19T16:51:51.209+0100][gc,marking  ] GC(5) Concurrent Preclean
[2023-02-19T16:51:51.209+0100][gc,marking  ] GC(5) Concurrent Preclean 0.093ms
[2023-02-19T16:51:51.209+0100][gc,start    ] GC(5) Pause Remark
[2023-02-19T16:51:51.212+0100][gc          ] GC(5) Pause Remark 145M->145M(1024M) 2.591ms
[2023-02-19T16:51:51.212+0100][gc,cpu      ] GC(5) User=0.01s Sys=0.00s Real=0.01s
[2023-02-19T16:51:51.216+0100][gc,marking  ] GC(5) Concurrent Mark 23.686ms
[2023-02-19T16:51:51.216+0100][gc,marking  ] GC(5) Concurrent Rebuild Remembered Sets
[2023-02-19T16:51:51.216+0100][gc,marking  ] GC(5) Concurrent Rebuild Remembered Sets 0.022ms
[2023-02-19T16:51:51.216+0100][gc,start    ] GC(5) Pause Cleanup
[2023-02-19T16:51:51.216+0100][gc          ] GC(5) Pause Cleanup 145M->145M(1024M) 0.044ms
[2023-02-19T16:51:51.216+0100][gc,cpu      ] GC(5) User=0.00s Sys=0.00s Real=0.00s
[2023-02-19T16:51:51.216+0100][gc,marking  ] GC(5) Concurrent Cleanup for Next Mark
[2023-02-19T16:51:51.233+0100][gc,marking  ] GC(5) Concurrent Cleanup for Next Mark 16.282ms
[2023-02-19T16:51:51.233+0100][gc          ] GC(5) Concurrent Mark Cycle 50.590ms
[2023-02-19T16:53:28.357+0100][gc,heap,exit] Heap
[2023-02-19T16:53:28.357+0100][gc,heap,exit]  garbage-first heap   total 1048576K, used 202847K [0x00000007c0000000, 0x0000000800000000)
[2023-02-19T16:53:28.357+0100][gc,heap,exit]   region size 1024K, 45 young (46080K), 2 survivors (2048K)
[2023-02-19T16:53:28.357+0100][gc,heap,exit]  Metaspace       used 41697K, committed 42368K, reserved 1114112K
[2023-02-19T16:53:28.357+0100][gc,heap,exit]   class space    used 4869K, committed 5184K, reserved 1048576K
