[2023-02-20T08:57:53.295+0100][gc,init] CardTable entry size: 512
[2023-02-20T08:57:53.295+0100][gc     ] Using G1
[2023-02-20T08:57:53.303+0100][gc,init] Version: 19.0.1+10-21 (release)
[2023-02-20T08:57:53.303+0100][gc,init] CPUs: 4 total, 4 available
[2023-02-20T08:57:53.303+0100][gc,init] Memory: 16384M
[2023-02-20T08:57:53.303+0100][gc,init] Large Page Support: Disabled
[2023-02-20T08:57:53.303+0100][gc,init] NUMA Support: Disabled
[2023-02-20T08:57:53.303+0100][gc,init] Compressed Oops: Enabled (Zero based)
[2023-02-20T08:57:53.303+0100][gc,init] Heap Region Size: 1M
[2023-02-20T08:57:53.303+0100][gc,init] Heap Min Capacity: 1G
[2023-02-20T08:57:53.303+0100][gc,init] Heap Initial Capacity: 1G
[2023-02-20T08:57:53.303+0100][gc,init] Heap Max Capacity: 1G
[2023-02-20T08:57:53.303+0100][gc,init] Pre-touch: Disabled
[2023-02-20T08:57:53.303+0100][gc,init] Parallel Workers: 4
[2023-02-20T08:57:53.303+0100][gc,init] Concurrent Workers: 1
[2023-02-20T08:57:53.303+0100][gc,init] Concurrent Refinement Workers: 4
[2023-02-20T08:57:53.303+0100][gc,init] Periodic GC: Disabled
[2023-02-20T08:57:53.304+0100][gc,metaspace] CDS archive(s) mapped at: [0x0000000800000000-0x0000000800c44000-0x0000000800c44000), size 12861440, SharedBaseAddress: 0x0000000800000000, ArchiveRelocationMode: 0.
[2023-02-20T08:57:53.304+0100][gc,metaspace] Compressed class space mapped at: 0x0000000801000000-0x0000000841000000, reserved size: 1073741824
[2023-02-20T08:57:53.304+0100][gc,metaspace] Narrow klass base: 0x0000000800000000, Narrow klass shift: 0, Narrow klass range: 0x100000000
[2023-02-20T08:57:55.447+0100][gc,start    ] GC(0) Pause Young (Normal) (G1 Evacuation Pause)
[2023-02-20T08:57:55.449+0100][gc,task     ] GC(0) Using 4 workers of 4 for evacuation
[2023-02-20T08:57:55.466+0100][gc,phases   ] GC(0)   Pre Evacuate Collection Set: 0.2ms
[2023-02-20T08:57:55.466+0100][gc,phases   ] GC(0)   Merge Heap Roots: 0.1ms
[2023-02-20T08:57:55.466+0100][gc,phases   ] GC(0)   Evacuate Collection Set: 13.4ms
[2023-02-20T08:57:55.466+0100][gc,phases   ] GC(0)   Post Evacuate Collection Set: 3.3ms
[2023-02-20T08:57:55.466+0100][gc,phases   ] GC(0)   Other: 0.8ms
[2023-02-20T08:57:55.466+0100][gc,heap     ] GC(0) Eden regions: 51->0(44)
[2023-02-20T08:57:55.466+0100][gc,heap     ] GC(0) Survivor regions: 0->7(7)
[2023-02-20T08:57:55.466+0100][gc,heap     ] GC(0) Old regions: 0->1
[2023-02-20T08:57:55.466+0100][gc,heap     ] GC(0) Archive regions: 2->2
[2023-02-20T08:57:55.466+0100][gc,heap     ] GC(0) Humongous regions: 0->0
[2023-02-20T08:57:55.466+0100][gc,metaspace] GC(0) Metaspace: 18547K(18816K)->18547K(18816K) NonClass: 16452K(16576K)->16452K(16576K) Class: 2095K(2240K)->2095K(2240K)
[2023-02-20T08:57:55.467+0100][gc          ] GC(0) Pause Young (Normal) (G1 Evacuation Pause) 51M->8M(1024M) 19.094ms
[2023-02-20T08:57:55.467+0100][gc,cpu      ] GC(0) User=0.04s Sys=0.00s Real=0.02s
[2023-02-20T08:57:55.925+0100][gc,start    ] GC(1) Pause Young (Concurrent Start) (Metadata GC Threshold)
[2023-02-20T08:57:55.925+0100][gc,task     ] GC(1) Using 4 workers of 4 for evacuation
[2023-02-20T08:57:55.941+0100][gc,phases   ] GC(1)   Pre Evacuate Collection Set: 0.1ms
[2023-02-20T08:57:55.941+0100][gc,phases   ] GC(1)   Merge Heap Roots: 0.0ms
[2023-02-20T08:57:55.941+0100][gc,phases   ] GC(1)   Evacuate Collection Set: 15.0ms
[2023-02-20T08:57:55.941+0100][gc,phases   ] GC(1)   Post Evacuate Collection Set: 0.6ms
[2023-02-20T08:57:55.941+0100][gc,phases   ] GC(1)   Other: 0.1ms
[2023-02-20T08:57:55.941+0100][gc,heap     ] GC(1) Eden regions: 11->0(50)
[2023-02-20T08:57:55.941+0100][gc,heap     ] GC(1) Survivor regions: 7->1(7)
[2023-02-20T08:57:55.941+0100][gc,heap     ] GC(1) Old regions: 1->7
[2023-02-20T08:57:55.941+0100][gc,heap     ] GC(1) Archive regions: 2->2
[2023-02-20T08:57:55.941+0100][gc,heap     ] GC(1) Humongous regions: 0->0
[2023-02-20T08:57:55.941+0100][gc,metaspace] GC(1) Metaspace: 21256K(21504K)->21256K(21504K) NonClass: 18821K(18944K)->18821K(18944K) Class: 2435K(2560K)->2435K(2560K)
[2023-02-20T08:57:55.941+0100][gc          ] GC(1) Pause Young (Concurrent Start) (Metadata GC Threshold) 18M->8M(1024M) 16.189ms
[2023-02-20T08:57:55.941+0100][gc,cpu      ] GC(1) User=0.03s Sys=0.01s Real=0.02s
[2023-02-20T08:57:55.941+0100][gc          ] GC(2) Concurrent Mark Cycle
[2023-02-20T08:57:55.942+0100][gc,marking  ] GC(2) Concurrent Clear Claimed Marks
[2023-02-20T08:57:55.942+0100][gc,marking  ] GC(2) Concurrent Clear Claimed Marks 0.094ms
[2023-02-20T08:57:55.942+0100][gc,marking  ] GC(2) Concurrent Scan Root Regions
[2023-02-20T08:57:55.950+0100][gc,marking  ] GC(2) Concurrent Scan Root Regions 8.352ms
[2023-02-20T08:57:55.950+0100][gc,marking  ] GC(2) Concurrent Mark
[2023-02-20T08:57:55.950+0100][gc,marking  ] GC(2) Concurrent Mark From Roots
[2023-02-20T08:57:55.950+0100][gc,task     ] GC(2) Using 1 workers of 1 for marking
[2023-02-20T08:57:55.953+0100][gc,marking  ] GC(2) Concurrent Mark From Roots 2.894ms
[2023-02-20T08:57:55.953+0100][gc,marking  ] GC(2) Concurrent Preclean
[2023-02-20T08:57:55.953+0100][gc,marking  ] GC(2) Concurrent Preclean 0.047ms
[2023-02-20T08:57:55.953+0100][gc,start    ] GC(2) Pause Remark
[2023-02-20T08:57:55.956+0100][gc          ] GC(2) Pause Remark 9M->9M(1024M) 3.010ms
[2023-02-20T08:57:55.957+0100][gc,cpu      ] GC(2) User=0.00s Sys=0.00s Real=0.00s
[2023-02-20T08:57:55.957+0100][gc,marking  ] GC(2) Concurrent Mark 6.462ms
[2023-02-20T08:57:55.957+0100][gc,marking  ] GC(2) Concurrent Rebuild Remembered Sets
[2023-02-20T08:57:55.957+0100][gc,marking  ] GC(2) Concurrent Rebuild Remembered Sets 0.017ms
[2023-02-20T08:57:55.957+0100][gc,start    ] GC(2) Pause Cleanup
[2023-02-20T08:57:55.957+0100][gc          ] GC(2) Pause Cleanup 9M->9M(1024M) 0.029ms
[2023-02-20T08:57:55.957+0100][gc,cpu      ] GC(2) User=0.00s Sys=0.00s Real=0.00s
[2023-02-20T08:57:55.957+0100][gc,marking  ] GC(2) Concurrent Cleanup for Next Mark
[2023-02-20T08:57:55.972+0100][gc,marking  ] GC(2) Concurrent Cleanup for Next Mark 14.889ms
[2023-02-20T08:57:55.972+0100][gc          ] GC(2) Concurrent Mark Cycle 30.710ms
[2023-02-20T08:57:58.489+0100][gc,start    ] GC(3) Pause Young (Normal) (G1 Evacuation Pause)
[2023-02-20T08:57:58.490+0100][gc,task     ] GC(3) Using 4 workers of 4 for evacuation
[2023-02-20T08:57:58.516+0100][gc,mmu      ] GC(3) MMU target violated: 21.0ms (20.0ms/21.0ms)
[2023-02-20T08:57:58.516+0100][gc,phases   ] GC(3)   Pre Evacuate Collection Set: 0.4ms
[2023-02-20T08:57:58.516+0100][gc,phases   ] GC(3)   Merge Heap Roots: 0.2ms
[2023-02-20T08:57:58.516+0100][gc,phases   ] GC(3)   Evacuate Collection Set: 23.4ms
[2023-02-20T08:57:58.516+0100][gc,phases   ] GC(3)   Post Evacuate Collection Set: 1.8ms
[2023-02-20T08:57:58.516+0100][gc,phases   ] GC(3)   Other: 0.6ms
[2023-02-20T08:57:58.516+0100][gc,heap     ] GC(3) Eden regions: 50->0(45)
[2023-02-20T08:57:58.516+0100][gc,heap     ] GC(3) Survivor regions: 1->6(7)
[2023-02-20T08:57:58.516+0100][gc,heap     ] GC(3) Old regions: 7->7
[2023-02-20T08:57:58.516+0100][gc,heap     ] GC(3) Archive regions: 2->2
[2023-02-20T08:57:58.517+0100][gc,heap     ] GC(3) Humongous regions: 129->129
[2023-02-20T08:57:58.517+0100][gc,metaspace] GC(3) Metaspace: 31510K(31872K)->31510K(31872K) NonClass: 28066K(28288K)->28066K(28288K) Class: 3444K(3584K)->3444K(3584K)
[2023-02-20T08:57:58.517+0100][gc          ] GC(3) Pause Young (Normal) (G1 Evacuation Pause) 187M->142M(1024M) 27.459ms
[2023-02-20T08:57:58.517+0100][gc,cpu      ] GC(3) User=0.04s Sys=0.00s Real=0.03s
[2023-02-20T08:57:59.672+0100][gc,start    ] GC(4) Pause Young (Concurrent Start) (Metadata GC Threshold)
[2023-02-20T08:57:59.673+0100][gc,task     ] GC(4) Using 4 workers of 4 for evacuation
[2023-02-20T08:57:59.687+0100][gc,phases   ] GC(4)   Pre Evacuate Collection Set: 0.3ms
[2023-02-20T08:57:59.687+0100][gc,phases   ] GC(4)   Merge Heap Roots: 0.1ms
[2023-02-20T08:57:59.688+0100][gc,phases   ] GC(4)   Evacuate Collection Set: 13.4ms
[2023-02-20T08:57:59.688+0100][gc,phases   ] GC(4)   Post Evacuate Collection Set: 0.7ms
[2023-02-20T08:57:59.688+0100][gc,phases   ] GC(4)   Other: 0.3ms
[2023-02-20T08:57:59.688+0100][gc,heap     ] GC(4) Eden regions: 18->0(49)
[2023-02-20T08:57:59.688+0100][gc,heap     ] GC(4) Survivor regions: 6->2(7)
[2023-02-20T08:57:59.688+0100][gc,heap     ] GC(4) Old regions: 7->12
[2023-02-20T08:57:59.688+0100][gc,heap     ] GC(4) Archive regions: 2->2
[2023-02-20T08:57:59.688+0100][gc,heap     ] GC(4) Humongous regions: 129->129
[2023-02-20T08:57:59.688+0100][gc,metaspace] GC(4) Metaspace: 35854K(36160K)->35854K(36160K) NonClass: 31960K(32128K)->31960K(32128K) Class: 3893K(4032K)->3893K(4032K)
[2023-02-20T08:57:59.688+0100][gc          ] GC(4) Pause Young (Concurrent Start) (Metadata GC Threshold) 159M->143M(1024M) 15.494ms
[2023-02-20T08:57:59.688+0100][gc          ] GC(5) Concurrent Mark Cycle
[2023-02-20T08:57:59.688+0100][gc,cpu      ] GC(4) User=0.05s Sys=0.01s Real=0.01s
[2023-02-20T08:57:59.688+0100][gc,marking  ] GC(5) Concurrent Clear Claimed Marks
[2023-02-20T08:57:59.688+0100][gc,marking  ] GC(5) Concurrent Clear Claimed Marks 0.111ms
[2023-02-20T08:57:59.688+0100][gc,marking  ] GC(5) Concurrent Scan Root Regions
[2023-02-20T08:57:59.701+0100][gc,marking  ] GC(5) Concurrent Scan Root Regions 13.244ms
[2023-02-20T08:57:59.701+0100][gc,marking  ] GC(5) Concurrent Mark
[2023-02-20T08:57:59.701+0100][gc,marking  ] GC(5) Concurrent Mark From Roots
[2023-02-20T08:57:59.701+0100][gc,task     ] GC(5) Using 1 workers of 1 for marking
[2023-02-20T08:57:59.725+0100][gc,marking  ] GC(5) Concurrent Mark From Roots 23.643ms
[2023-02-20T08:57:59.725+0100][gc,marking  ] GC(5) Concurrent Preclean
[2023-02-20T08:57:59.725+0100][gc,marking  ] GC(5) Concurrent Preclean 0.118ms
[2023-02-20T08:57:59.737+0100][gc,start    ] GC(5) Pause Remark
[2023-02-20T08:57:59.753+0100][gc          ] GC(5) Pause Remark 144M->144M(1024M) 16.164ms
[2023-02-20T08:57:59.753+0100][gc,cpu      ] GC(5) User=0.01s Sys=0.01s Real=0.02s
[2023-02-20T08:57:59.763+0100][gc,marking  ] GC(5) Concurrent Mark 61.980ms
[2023-02-20T08:57:59.764+0100][gc,marking  ] GC(5) Concurrent Rebuild Remembered Sets
[2023-02-20T08:57:59.764+0100][gc,marking  ] GC(5) Concurrent Rebuild Remembered Sets 0.039ms
[2023-02-20T08:57:59.764+0100][gc,start    ] GC(5) Pause Cleanup
[2023-02-20T08:57:59.764+0100][gc          ] GC(5) Pause Cleanup 144M->144M(1024M) 0.066ms
[2023-02-20T08:57:59.764+0100][gc,cpu      ] GC(5) User=0.00s Sys=0.00s Real=0.00s
[2023-02-20T08:57:59.774+0100][gc,marking  ] GC(5) Concurrent Cleanup for Next Mark
[2023-02-20T08:57:59.794+0100][gc,marking  ] GC(5) Concurrent Cleanup for Next Mark 19.368ms
[2023-02-20T08:57:59.794+0100][gc          ] GC(5) Concurrent Mark Cycle 105.948ms
[2023-02-20T09:09:57.723+0100][gc,start    ] GC(6) Pause Young (Normal) (G1 Evacuation Pause)
[2023-02-20T09:09:57.723+0100][gc,task     ] GC(6) Using 4 workers of 4 for evacuation
[2023-02-20T09:09:57.731+0100][gc,phases   ] GC(6)   Pre Evacuate Collection Set: 0.1ms
[2023-02-20T09:09:57.731+0100][gc,phases   ] GC(6)   Merge Heap Roots: 0.1ms
[2023-02-20T09:09:57.731+0100][gc,phases   ] GC(6)   Evacuate Collection Set: 6.3ms
[2023-02-20T09:09:57.731+0100][gc,phases   ] GC(6)   Post Evacuate Collection Set: 1.0ms
[2023-02-20T09:09:57.731+0100][gc,phases   ] GC(6)   Other: 0.1ms
[2023-02-20T09:09:57.731+0100][gc,heap     ] GC(6) Eden regions: 49->0(46)
[2023-02-20T09:09:57.731+0100][gc,heap     ] GC(6) Survivor regions: 2->5(7)
[2023-02-20T09:09:57.731+0100][gc,heap     ] GC(6) Old regions: 12->12
[2023-02-20T09:09:57.731+0100][gc,heap     ] GC(6) Archive regions: 2->2
[2023-02-20T09:09:57.731+0100][gc,heap     ] GC(6) Humongous regions: 171->129
[2023-02-20T09:09:57.731+0100][gc,metaspace] GC(6) Metaspace: 41503K(42176K)->41503K(42176K) NonClass: 36765K(37120K)->36765K(37120K) Class: 4737K(5056K)->4737K(5056K)
[2023-02-20T09:09:57.731+0100][gc          ] GC(6) Pause Young (Normal) (G1 Evacuation Pause) 234M->145M(1024M) 7.902ms
[2023-02-20T09:09:57.731+0100][gc,cpu      ] GC(6) User=0.02s Sys=0.01s Real=0.01s
[2023-02-20T09:40:05.574+0100][gc,start    ] GC(7) Pause Young (Normal) (G1 Evacuation Pause)
[2023-02-20T09:40:05.574+0100][gc,task     ] GC(7) Using 4 workers of 4 for evacuation
[2023-02-20T09:40:05.581+0100][gc,phases   ] GC(7)   Pre Evacuate Collection Set: 0.4ms
[2023-02-20T09:40:05.581+0100][gc,phases   ] GC(7)   Merge Heap Roots: 0.1ms
[2023-02-20T09:40:05.581+0100][gc,phases   ] GC(7)   Evacuate Collection Set: 6.1ms
[2023-02-20T09:40:05.581+0100][gc,phases   ] GC(7)   Post Evacuate Collection Set: 0.4ms
[2023-02-20T09:40:05.581+0100][gc,phases   ] GC(7)   Other: 0.1ms
[2023-02-20T09:40:05.581+0100][gc,heap     ] GC(7) Eden regions: 46->0(47)
[2023-02-20T09:40:05.581+0100][gc,heap     ] GC(7) Survivor regions: 5->4(7)
[2023-02-20T09:40:05.581+0100][gc,heap     ] GC(7) Old regions: 12->14
[2023-02-20T09:40:05.581+0100][gc,heap     ] GC(7) Archive regions: 2->2
[2023-02-20T09:40:05.581+0100][gc,heap     ] GC(7) Humongous regions: 129->129
[2023-02-20T09:40:05.582+0100][gc,metaspace] GC(7) Metaspace: 42184K(42816K)->42184K(42816K) NonClass: 37440K(37760K)->37440K(37760K) Class: 4743K(5056K)->4743K(5056K)
[2023-02-20T09:40:05.582+0100][gc          ] GC(7) Pause Young (Normal) (G1 Evacuation Pause) 191M->146M(1024M) 7.528ms
[2023-02-20T09:40:05.582+0100][gc,cpu      ] GC(7) User=0.02s Sys=0.00s Real=0.01s
[2023-02-20T09:41:51.999+0100][gc,heap,exit] Heap
[2023-02-20T09:41:52.000+0100][gc,heap,exit]  garbage-first heap   total 1048576K, used 162585K [0x00000007c0000000, 0x0000000800000000)
[2023-02-20T09:41:52.000+0100][gc,heap,exit]   region size 1024K, 17 young (17408K), 4 survivors (4096K)
[2023-02-20T09:41:52.000+0100][gc,heap,exit]  Metaspace       used 42860K, committed 43520K, reserved 1114112K
[2023-02-20T09:41:52.000+0100][gc,heap,exit]   class space    used 4894K, committed 5184K, reserved 1048576K
