[2023-02-18T16:55:21.325+0100][gc,init] CardTable entry size: 512
[2023-02-18T16:55:21.326+0100][gc     ] Using G1
[2023-02-18T16:55:21.331+0100][gc,init] Version: 19.0.1+10-21 (release)
[2023-02-18T16:55:21.331+0100][gc,init] CPUs: 4 total, 4 available
[2023-02-18T16:55:21.331+0100][gc,init] Memory: 16384M
[2023-02-18T16:55:21.331+0100][gc,init] Large Page Support: Disabled
[2023-02-18T16:55:21.332+0100][gc,init] NUMA Support: Disabled
[2023-02-18T16:55:21.332+0100][gc,init] Compressed Oops: Enabled (Zero based)
[2023-02-18T16:55:21.332+0100][gc,init] Heap Region Size: 1M
[2023-02-18T16:55:21.332+0100][gc,init] Heap Min Capacity: 1G
[2023-02-18T16:55:21.332+0100][gc,init] Heap Initial Capacity: 1G
[2023-02-18T16:55:21.332+0100][gc,init] Heap Max Capacity: 1G
[2023-02-18T16:55:21.332+0100][gc,init] Pre-touch: Disabled
[2023-02-18T16:55:21.332+0100][gc,init] Parallel Workers: 4
[2023-02-18T16:55:21.332+0100][gc,init] Concurrent Workers: 1
[2023-02-18T16:55:21.332+0100][gc,init] Concurrent Refinement Workers: 4
[2023-02-18T16:55:21.332+0100][gc,init] Periodic GC: Disabled
[2023-02-18T16:55:21.332+0100][gc,metaspace] CDS archive(s) mapped at: [0x0000000800000000-0x0000000800c44000-0x0000000800c44000), size 12861440, SharedBaseAddress: 0x0000000800000000, ArchiveRelocationMode: 0.
[2023-02-18T16:55:21.332+0100][gc,metaspace] Compressed class space mapped at: 0x0000000801000000-0x0000000841000000, reserved size: 1073741824
[2023-02-18T16:55:21.332+0100][gc,metaspace] Narrow klass base: 0x0000000800000000, Narrow klass shift: 0, Narrow klass range: 0x100000000
[2023-02-18T16:55:22.441+0100][gc,start    ] GC(0) Pause Young (Normal) (G1 Evacuation Pause)
[2023-02-18T16:55:22.442+0100][gc,task     ] GC(0) Using 4 workers of 4 for evacuation
[2023-02-18T16:55:22.448+0100][gc,phases   ] GC(0)   Pre Evacuate Collection Set: 0.1ms
[2023-02-18T16:55:22.448+0100][gc,phases   ] GC(0)   Merge Heap Roots: 0.1ms
[2023-02-18T16:55:22.448+0100][gc,phases   ] GC(0)   Evacuate Collection Set: 5.2ms
[2023-02-18T16:55:22.448+0100][gc,phases   ] GC(0)   Post Evacuate Collection Set: 0.5ms
[2023-02-18T16:55:22.448+0100][gc,phases   ] GC(0)   Other: 0.3ms
[2023-02-18T16:55:22.448+0100][gc,heap     ] GC(0) Eden regions: 51->0(44)
[2023-02-18T16:55:22.448+0100][gc,heap     ] GC(0) Survivor regions: 0->7(7)
[2023-02-18T16:55:22.448+0100][gc,heap     ] GC(0) Old regions: 0->1
[2023-02-18T16:55:22.448+0100][gc,heap     ] GC(0) Archive regions: 2->2
[2023-02-18T16:55:22.448+0100][gc,heap     ] GC(0) Humongous regions: 0->0
[2023-02-18T16:55:22.448+0100][gc,metaspace] GC(0) Metaspace: 18557K(18816K)->18557K(18816K) NonClass: 16460K(16576K)->16460K(16576K) Class: 2097K(2240K)->2097K(2240K)
[2023-02-18T16:55:22.448+0100][gc          ] GC(0) Pause Young (Normal) (G1 Evacuation Pause) 51M->7M(1024M) 6.478ms
[2023-02-18T16:55:22.448+0100][gc,cpu      ] GC(0) User=0.02s Sys=0.00s Real=0.00s
[2023-02-18T16:55:22.743+0100][gc,start    ] GC(1) Pause Young (Concurrent Start) (Metadata GC Threshold)
[2023-02-18T16:55:22.743+0100][gc,task     ] GC(1) Using 4 workers of 4 for evacuation
[2023-02-18T16:55:22.754+0100][gc,phases   ] GC(1)   Pre Evacuate Collection Set: 0.1ms
[2023-02-18T16:55:22.754+0100][gc,phases   ] GC(1)   Merge Heap Roots: 0.0ms
[2023-02-18T16:55:22.754+0100][gc,phases   ] GC(1)   Evacuate Collection Set: 8.9ms
[2023-02-18T16:55:22.754+0100][gc,phases   ] GC(1)   Post Evacuate Collection Set: 1.4ms
[2023-02-18T16:55:22.754+0100][gc,phases   ] GC(1)   Other: 0.1ms
[2023-02-18T16:55:22.754+0100][gc,heap     ] GC(1) Eden regions: 12->0(49)
[2023-02-18T16:55:22.754+0100][gc,heap     ] GC(1) Survivor regions: 7->2(7)
[2023-02-18T16:55:22.754+0100][gc,heap     ] GC(1) Old regions: 1->8
[2023-02-18T16:55:22.754+0100][gc,heap     ] GC(1) Archive regions: 2->2
[2023-02-18T16:55:22.754+0100][gc,heap     ] GC(1) Humongous regions: 129->129
[2023-02-18T16:55:22.754+0100][gc,metaspace] GC(1) Metaspace: 21295K(21504K)->21295K(21504K) NonClass: 18859K(18944K)->18859K(18944K) Class: 2435K(2560K)->2435K(2560K)
[2023-02-18T16:55:22.754+0100][gc          ] GC(1) Pause Young (Concurrent Start) (Metadata GC Threshold) 148M->138M(1024M) 10.833ms
[2023-02-18T16:55:22.754+0100][gc          ] GC(2) Concurrent Mark Cycle
[2023-02-18T16:55:22.754+0100][gc,cpu      ] GC(1) User=0.03s Sys=0.00s Real=0.01s
[2023-02-18T16:55:22.754+0100][gc,marking  ] GC(2) Concurrent Clear Claimed Marks
[2023-02-18T16:55:22.754+0100][gc,marking  ] GC(2) Concurrent Clear Claimed Marks 0.057ms
[2023-02-18T16:55:22.754+0100][gc,marking  ] GC(2) Concurrent Scan Root Regions
[2023-02-18T16:55:22.759+0100][gc,marking  ] GC(2) Concurrent Scan Root Regions 4.930ms
[2023-02-18T16:55:22.759+0100][gc,marking  ] GC(2) Concurrent Mark
[2023-02-18T16:55:22.759+0100][gc,marking  ] GC(2) Concurrent Mark From Roots
[2023-02-18T16:55:22.759+0100][gc,task     ] GC(2) Using 1 workers of 1 for marking
[2023-02-18T16:55:22.764+0100][gc,marking  ] GC(2) Concurrent Mark From Roots 4.380ms
[2023-02-18T16:55:22.764+0100][gc,marking  ] GC(2) Concurrent Preclean
[2023-02-18T16:55:22.764+0100][gc,marking  ] GC(2) Concurrent Preclean 0.024ms
[2023-02-18T16:55:22.764+0100][gc,start    ] GC(2) Pause Remark
[2023-02-18T16:55:22.765+0100][gc          ] GC(2) Pause Remark 139M->139M(1024M) 1.491ms
[2023-02-18T16:55:22.765+0100][gc,cpu      ] GC(2) User=0.01s Sys=0.00s Real=0.00s
[2023-02-18T16:55:22.765+0100][gc,marking  ] GC(2) Concurrent Mark 6.173ms
[2023-02-18T16:55:22.766+0100][gc,marking  ] GC(2) Concurrent Rebuild Remembered Sets
[2023-02-18T16:55:22.772+0100][gc,marking  ] GC(2) Concurrent Rebuild Remembered Sets 6.388ms
[2023-02-18T16:55:22.772+0100][gc,start    ] GC(2) Pause Cleanup
[2023-02-18T16:55:22.772+0100][gc          ] GC(2) Pause Cleanup 140M->140M(1024M) 0.100ms
[2023-02-18T16:55:22.772+0100][gc,cpu      ] GC(2) User=0.00s Sys=0.00s Real=0.00s
[2023-02-18T16:55:22.772+0100][gc,marking  ] GC(2) Concurrent Cleanup for Next Mark
[2023-02-18T16:55:22.781+0100][gc,marking  ] GC(2) Concurrent Cleanup for Next Mark 8.859ms
[2023-02-18T16:55:22.781+0100][gc          ] GC(2) Concurrent Mark Cycle 26.990ms
[2023-02-18T16:55:23.428+0100][gc,start    ] GC(3) Pause Young (Normal) (G1 Evacuation Pause)
[2023-02-18T16:55:23.428+0100][gc,task     ] GC(3) Using 4 workers of 4 for evacuation
[2023-02-18T16:55:23.438+0100][gc,phases   ] GC(3)   Pre Evacuate Collection Set: 0.1ms
[2023-02-18T16:55:23.438+0100][gc,phases   ] GC(3)   Merge Heap Roots: 0.1ms
[2023-02-18T16:55:23.438+0100][gc,phases   ] GC(3)   Evacuate Collection Set: 8.5ms
[2023-02-18T16:55:23.438+0100][gc,phases   ] GC(3)   Post Evacuate Collection Set: 0.9ms
[2023-02-18T16:55:23.438+0100][gc,phases   ] GC(3)   Other: 0.1ms
[2023-02-18T16:55:23.438+0100][gc,heap     ] GC(3) Eden regions: 49->0(45)
[2023-02-18T16:55:23.438+0100][gc,heap     ] GC(3) Survivor regions: 2->6(7)
[2023-02-18T16:55:23.438+0100][gc,heap     ] GC(3) Old regions: 8->8
[2023-02-18T16:55:23.438+0100][gc,heap     ] GC(3) Archive regions: 2->2
[2023-02-18T16:55:23.438+0100][gc,heap     ] GC(3) Humongous regions: 129->129
[2023-02-18T16:55:23.438+0100][gc,metaspace] GC(3) Metaspace: 33133K(33472K)->33133K(33472K) NonClass: 29579K(29760K)->29579K(29760K) Class: 3553K(3712K)->3553K(3712K)
[2023-02-18T16:55:23.438+0100][gc          ] GC(3) Pause Young (Normal) (G1 Evacuation Pause) 187M->142M(1024M) 9.890ms
[2023-02-18T16:55:23.438+0100][gc,cpu      ] GC(3) User=0.02s Sys=0.00s Real=0.01s
[2023-02-18T17:19:47.289+0100][gc,start    ] GC(4) Pause Young (Concurrent Start) (Metadata GC Threshold)
[2023-02-18T17:19:47.289+0100][gc,task     ] GC(4) Using 4 workers of 4 for evacuation
[2023-02-18T17:19:47.297+0100][gc,phases   ] GC(4)   Pre Evacuate Collection Set: 0.1ms
[2023-02-18T17:19:47.297+0100][gc,phases   ] GC(4)   Merge Heap Roots: 0.0ms
[2023-02-18T17:19:47.297+0100][gc,phases   ] GC(4)   Evacuate Collection Set: 7.0ms
[2023-02-18T17:19:47.297+0100][gc,phases   ] GC(4)   Post Evacuate Collection Set: 0.4ms
[2023-02-18T17:19:47.297+0100][gc,phases   ] GC(4)   Other: 0.1ms
[2023-02-18T17:19:47.297+0100][gc,heap     ] GC(4) Eden regions: 22->0(50)
[2023-02-18T17:19:47.297+0100][gc,heap     ] GC(4) Survivor regions: 6->1(7)
[2023-02-18T17:19:47.297+0100][gc,heap     ] GC(4) Old regions: 8->13
[2023-02-18T17:19:47.297+0100][gc,heap     ] GC(4) Archive regions: 2->2
[2023-02-18T17:19:47.297+0100][gc,heap     ] GC(4) Humongous regions: 129->129
[2023-02-18T17:19:47.297+0100][gc,metaspace] GC(4) Metaspace: 36017K(36288K)->36017K(36288K) NonClass: 32047K(32192K)->32047K(32192K) Class: 3970K(4096K)->3970K(4096K)
[2023-02-18T17:19:47.297+0100][gc          ] GC(4) Pause Young (Concurrent Start) (Metadata GC Threshold) 164M->143M(1024M) 7.866ms
[2023-02-18T17:19:47.297+0100][gc,cpu      ] GC(4) User=0.02s Sys=0.01s Real=0.01s
[2023-02-18T17:19:47.297+0100][gc          ] GC(5) Concurrent Mark Cycle
[2023-02-18T17:19:47.297+0100][gc,marking  ] GC(5) Concurrent Clear Claimed Marks
[2023-02-18T17:19:47.297+0100][gc,marking  ] GC(5) Concurrent Clear Claimed Marks 0.023ms
[2023-02-18T17:19:47.297+0100][gc,marking  ] GC(5) Concurrent Scan Root Regions
[2023-02-18T17:19:47.305+0100][gc,marking  ] GC(5) Concurrent Scan Root Regions 7.185ms
[2023-02-18T17:19:47.306+0100][gc,marking  ] GC(5) Concurrent Mark
[2023-02-18T17:19:47.306+0100][gc,marking  ] GC(5) Concurrent Mark From Roots
[2023-02-18T17:19:47.306+0100][gc,task     ] GC(5) Using 1 workers of 1 for marking
[2023-02-18T17:19:47.318+0100][gc,marking  ] GC(5) Concurrent Mark From Roots 11.810ms
[2023-02-18T17:19:47.318+0100][gc,marking  ] GC(5) Concurrent Preclean
[2023-02-18T17:19:47.318+0100][gc,marking  ] GC(5) Concurrent Preclean 0.160ms
[2023-02-18T17:19:47.318+0100][gc,start    ] GC(5) Pause Remark
[2023-02-18T17:19:47.329+0100][gc          ] GC(5) Pause Remark 145M->145M(1024M) 10.637ms
[2023-02-18T17:19:47.329+0100][gc,cpu      ] GC(5) User=0.02s Sys=0.02s Real=0.01s
[2023-02-18T17:19:47.330+0100][gc,marking  ] GC(5) Concurrent Mark 23.347ms
[2023-02-18T17:19:47.330+0100][gc,marking  ] GC(5) Concurrent Rebuild Remembered Sets
[2023-02-18T17:19:47.341+0100][gc,marking  ] GC(5) Concurrent Rebuild Remembered Sets 10.978ms
[2023-02-18T17:19:47.341+0100][gc,start    ] GC(5) Pause Cleanup
[2023-02-18T17:19:47.341+0100][gc          ] GC(5) Pause Cleanup 146M->146M(1024M) 0.087ms
[2023-02-18T17:19:47.341+0100][gc,cpu      ] GC(5) User=0.00s Sys=0.00s Real=0.00s
[2023-02-18T17:19:47.341+0100][gc,marking  ] GC(5) Concurrent Cleanup for Next Mark
[2023-02-18T17:19:47.350+0100][gc,marking  ] GC(5) Concurrent Cleanup for Next Mark 8.981ms
[2023-02-18T17:19:47.352+0100][gc          ] GC(5) Concurrent Mark Cycle 54.694ms
[2023-02-18T17:30:23.361+0100][gc,start    ] GC(6) Pause Young (Prepare Mixed) (G1 Evacuation Pause)
[2023-02-18T17:30:23.361+0100][gc,task     ] GC(6) Using 4 workers of 4 for evacuation
[2023-02-18T17:30:23.367+0100][gc,phases   ] GC(6)   Pre Evacuate Collection Set: 0.1ms
[2023-02-18T17:30:23.367+0100][gc,phases   ] GC(6)   Merge Heap Roots: 0.1ms
[2023-02-18T17:30:23.367+0100][gc,phases   ] GC(6)   Evacuate Collection Set: 5.7ms
[2023-02-18T17:30:23.367+0100][gc,phases   ] GC(6)   Post Evacuate Collection Set: 0.6ms
[2023-02-18T17:30:23.367+0100][gc,phases   ] GC(6)   Other: 0.1ms
[2023-02-18T17:30:23.367+0100][gc,heap     ] GC(6) Eden regions: 50->0(47)
[2023-02-18T17:30:23.367+0100][gc,heap     ] GC(6) Survivor regions: 1->4(7)
[2023-02-18T17:30:23.367+0100][gc,heap     ] GC(6) Old regions: 13->13
[2023-02-18T17:30:23.367+0100][gc,heap     ] GC(6) Archive regions: 2->2
[2023-02-18T17:30:23.367+0100][gc,heap     ] GC(6) Humongous regions: 129->129
[2023-02-18T17:30:23.367+0100][gc,metaspace] GC(6) Metaspace: 41686K(42304K)->41686K(42304K) NonClass: 36830K(37184K)->36830K(37184K) Class: 4856K(5120K)->4856K(5120K)
[2023-02-18T17:30:23.367+0100][gc          ] GC(6) Pause Young (Prepare Mixed) (G1 Evacuation Pause) 193M->146M(1024M) 6.886ms
[2023-02-18T17:30:23.368+0100][gc,cpu      ] GC(6) User=0.02s Sys=0.00s Real=0.00s
[2023-02-18T17:35:57.696+0100][gc,heap,exit] Heap
[2023-02-18T17:35:57.696+0100][gc,heap,exit]  garbage-first heap   total 1048576K, used 167512K [0x00000007c0000000, 0x0000000800000000)
[2023-02-18T17:35:57.696+0100][gc,heap,exit]   region size 1024K, 22 young (22528K), 4 survivors (4096K)
[2023-02-18T17:35:57.696+0100][gc,heap,exit]  Metaspace       used 42442K, committed 43072K, reserved 1114112K
[2023-02-18T17:35:57.696+0100][gc,heap,exit]   class space    used 5009K, committed 5312K, reserved 1048576K
