[2023-02-20T18:26:52.824+0100][gc,init] CardTable entry size: 512
[2023-02-20T18:26:52.824+0100][gc     ] Using G1
[2023-02-20T18:26:52.830+0100][gc,init] Version: 19.0.1+10-21 (release)
[2023-02-20T18:26:52.830+0100][gc,init] CPUs: 4 total, 4 available
[2023-02-20T18:26:52.830+0100][gc,init] Memory: 16384M
[2023-02-20T18:26:52.830+0100][gc,init] Large Page Support: Disabled
[2023-02-20T18:26:52.830+0100][gc,init] NUMA Support: Disabled
[2023-02-20T18:26:52.830+0100][gc,init] Compressed Oops: Enabled (Zero based)
[2023-02-20T18:26:52.830+0100][gc,init] Heap Region Size: 1M
[2023-02-20T18:26:52.830+0100][gc,init] Heap Min Capacity: 1G
[2023-02-20T18:26:52.830+0100][gc,init] Heap Initial Capacity: 1G
[2023-02-20T18:26:52.830+0100][gc,init] Heap Max Capacity: 1G
[2023-02-20T18:26:52.830+0100][gc,init] Pre-touch: Disabled
[2023-02-20T18:26:52.830+0100][gc,init] Parallel Workers: 4
[2023-02-20T18:26:52.830+0100][gc,init] Concurrent Workers: 1
[2023-02-20T18:26:52.830+0100][gc,init] Concurrent Refinement Workers: 4
[2023-02-20T18:26:52.830+0100][gc,init] Periodic GC: Disabled
[2023-02-20T18:26:52.830+0100][gc,metaspace] CDS archive(s) mapped at: [0x0000000800000000-0x0000000800c44000-0x0000000800c44000), size 12861440, SharedBaseAddress: 0x0000000800000000, ArchiveRelocationMode: 0.
[2023-02-20T18:26:52.831+0100][gc,metaspace] Compressed class space mapped at: 0x0000000801000000-0x0000000841000000, reserved size: 1073741824
[2023-02-20T18:26:52.831+0100][gc,metaspace] Narrow klass base: 0x0000000800000000, Narrow klass shift: 0, Narrow klass range: 0x100000000
[2023-02-20T18:26:54.248+0100][gc,start    ] GC(0) Pause Young (Normal) (G1 Evacuation Pause)
[2023-02-20T18:26:54.248+0100][gc,task     ] GC(0) Using 4 workers of 4 for evacuation
[2023-02-20T18:26:54.255+0100][gc,phases   ] GC(0)   Pre Evacuate Collection Set: 0.1ms
[2023-02-20T18:26:54.255+0100][gc,phases   ] GC(0)   Merge Heap Roots: 0.1ms
[2023-02-20T18:26:54.255+0100][gc,phases   ] GC(0)   Evacuate Collection Set: 6.0ms
[2023-02-20T18:26:54.255+0100][gc,phases   ] GC(0)   Post Evacuate Collection Set: 0.6ms
[2023-02-20T18:26:54.255+0100][gc,phases   ] GC(0)   Other: 0.5ms
[2023-02-20T18:26:54.255+0100][gc,heap     ] GC(0) Eden regions: 51->0(44)
[2023-02-20T18:26:54.255+0100][gc,heap     ] GC(0) Survivor regions: 0->7(7)
[2023-02-20T18:26:54.255+0100][gc,heap     ] GC(0) Old regions: 0->0
[2023-02-20T18:26:54.255+0100][gc,heap     ] GC(0) Archive regions: 2->2
[2023-02-20T18:26:54.256+0100][gc,heap     ] GC(0) Humongous regions: 0->0
[2023-02-20T18:26:54.256+0100][gc,metaspace] GC(0) Metaspace: 18545K(18816K)->18545K(18816K) NonClass: 16447K(16576K)->16447K(16576K) Class: 2097K(2240K)->2097K(2240K)
[2023-02-20T18:26:54.256+0100][gc          ] GC(0) Pause Young (Normal) (G1 Evacuation Pause) 51M->7M(1024M) 7.640ms
[2023-02-20T18:26:54.256+0100][gc,cpu      ] GC(0) User=0.02s Sys=0.00s Real=0.01s
[2023-02-20T18:26:54.546+0100][gc,start    ] GC(1) Pause Young (Concurrent Start) (Metadata GC Threshold)
[2023-02-20T18:26:54.546+0100][gc,task     ] GC(1) Using 4 workers of 4 for evacuation
[2023-02-20T18:26:54.554+0100][gc,phases   ] GC(1)   Pre Evacuate Collection Set: 0.1ms
[2023-02-20T18:26:54.554+0100][gc,phases   ] GC(1)   Merge Heap Roots: 0.0ms
[2023-02-20T18:26:54.554+0100][gc,phases   ] GC(1)   Evacuate Collection Set: 7.2ms
[2023-02-20T18:26:54.554+0100][gc,phases   ] GC(1)   Post Evacuate Collection Set: 0.3ms
[2023-02-20T18:26:54.554+0100][gc,phases   ] GC(1)   Other: 0.1ms
[2023-02-20T18:26:54.554+0100][gc,heap     ] GC(1) Eden regions: 11->0(50)
[2023-02-20T18:26:54.554+0100][gc,heap     ] GC(1) Survivor regions: 7->1(7)
[2023-02-20T18:26:54.554+0100][gc,heap     ] GC(1) Old regions: 0->8
[2023-02-20T18:26:54.554+0100][gc,heap     ] GC(1) Archive regions: 2->2
[2023-02-20T18:26:54.554+0100][gc,heap     ] GC(1) Humongous regions: 129->129
[2023-02-20T18:26:54.554+0100][gc,metaspace] GC(1) Metaspace: 21285K(21504K)->21285K(21504K) NonClass: 18842K(18944K)->18842K(18944K) Class: 2443K(2560K)->2443K(2560K)
[2023-02-20T18:26:54.554+0100][gc          ] GC(1) Pause Young (Concurrent Start) (Metadata GC Threshold) 147M->138M(1024M) 8.069ms
[2023-02-20T18:26:54.554+0100][gc,cpu      ] GC(1) User=0.02s Sys=0.00s Real=0.01s
[2023-02-20T18:26:54.554+0100][gc          ] GC(2) Concurrent Mark Cycle
[2023-02-20T18:26:54.554+0100][gc,marking  ] GC(2) Concurrent Clear Claimed Marks
[2023-02-20T18:26:54.554+0100][gc,marking  ] GC(2) Concurrent Clear Claimed Marks 0.017ms
[2023-02-20T18:26:54.554+0100][gc,marking  ] GC(2) Concurrent Scan Root Regions
[2023-02-20T18:26:54.558+0100][gc,marking  ] GC(2) Concurrent Scan Root Regions 4.248ms
[2023-02-20T18:26:54.558+0100][gc,marking  ] GC(2) Concurrent Mark
[2023-02-20T18:26:54.558+0100][gc,marking  ] GC(2) Concurrent Mark From Roots
[2023-02-20T18:26:54.558+0100][gc,task     ] GC(2) Using 1 workers of 1 for marking
[2023-02-20T18:26:54.559+0100][gc,marking  ] GC(2) Concurrent Mark From Roots 1.025ms
[2023-02-20T18:26:54.559+0100][gc,marking  ] GC(2) Concurrent Preclean
[2023-02-20T18:26:54.559+0100][gc,marking  ] GC(2) Concurrent Preclean 0.021ms
[2023-02-20T18:26:54.559+0100][gc,start    ] GC(2) Pause Remark
[2023-02-20T18:26:54.561+0100][gc          ] GC(2) Pause Remark 139M->139M(1024M) 1.458ms
[2023-02-20T18:26:54.561+0100][gc,cpu      ] GC(2) User=0.00s Sys=0.00s Real=0.01s
[2023-02-20T18:26:54.561+0100][gc,marking  ] GC(2) Concurrent Mark 2.826ms
[2023-02-20T18:26:54.561+0100][gc,marking  ] GC(2) Concurrent Rebuild Remembered Sets
[2023-02-20T18:26:54.566+0100][gc,marking  ] GC(2) Concurrent Rebuild Remembered Sets 5.113ms
[2023-02-20T18:26:54.567+0100][gc,start    ] GC(2) Pause Cleanup
[2023-02-20T18:26:54.567+0100][gc          ] GC(2) Pause Cleanup 140M->140M(1024M) 0.103ms
[2023-02-20T18:26:54.567+0100][gc,cpu      ] GC(2) User=0.00s Sys=0.00s Real=0.00s
[2023-02-20T18:26:54.568+0100][gc,marking  ] GC(2) Concurrent Cleanup for Next Mark
[2023-02-20T18:26:54.578+0100][gc,marking  ] GC(2) Concurrent Cleanup for Next Mark 10.814ms
[2023-02-20T18:26:54.578+0100][gc          ] GC(2) Concurrent Mark Cycle 24.608ms
[2023-02-20T18:26:55.384+0100][gc,start    ] GC(3) Pause Young (Normal) (G1 Evacuation Pause)
[2023-02-20T18:26:55.384+0100][gc,task     ] GC(3) Using 4 workers of 4 for evacuation
[2023-02-20T18:26:55.389+0100][gc,phases   ] GC(3)   Pre Evacuate Collection Set: 0.1ms
[2023-02-20T18:26:55.389+0100][gc,phases   ] GC(3)   Merge Heap Roots: 0.0ms
[2023-02-20T18:26:55.390+0100][gc,phases   ] GC(3)   Evacuate Collection Set: 4.8ms
[2023-02-20T18:26:55.390+0100][gc,phases   ] GC(3)   Post Evacuate Collection Set: 0.5ms
[2023-02-20T18:26:55.390+0100][gc,phases   ] GC(3)   Other: 0.1ms
[2023-02-20T18:26:55.390+0100][gc,heap     ] GC(3) Eden regions: 50->0(45)
[2023-02-20T18:26:55.390+0100][gc,heap     ] GC(3) Survivor regions: 1->6(7)
[2023-02-20T18:26:55.390+0100][gc,heap     ] GC(3) Old regions: 8->8
[2023-02-20T18:26:55.390+0100][gc,heap     ] GC(3) Archive regions: 2->2
[2023-02-20T18:26:55.390+0100][gc,heap     ] GC(3) Humongous regions: 129->129
[2023-02-20T18:26:55.390+0100][gc,metaspace] GC(3) Metaspace: 33020K(33344K)->33020K(33344K) NonClass: 29395K(29568K)->29395K(29568K) Class: 3625K(3776K)->3625K(3776K)
[2023-02-20T18:26:55.390+0100][gc          ] GC(3) Pause Young (Normal) (G1 Evacuation Pause) 188M->143M(1024M) 5.699ms
[2023-02-20T18:26:55.390+0100][gc,cpu      ] GC(3) User=0.02s Sys=0.00s Real=0.01s
[2023-02-20T18:26:55.625+0100][gc,start    ] GC(4) Pause Young (Concurrent Start) (Metadata GC Threshold)
[2023-02-20T18:26:55.625+0100][gc,task     ] GC(4) Using 4 workers of 4 for evacuation
[2023-02-20T18:26:55.633+0100][gc,phases   ] GC(4)   Pre Evacuate Collection Set: 0.2ms
[2023-02-20T18:26:55.633+0100][gc,phases   ] GC(4)   Merge Heap Roots: 0.1ms
[2023-02-20T18:26:55.633+0100][gc,phases   ] GC(4)   Evacuate Collection Set: 7.4ms
[2023-02-20T18:26:55.633+0100][gc,phases   ] GC(4)   Post Evacuate Collection Set: 0.4ms
[2023-02-20T18:26:55.633+0100][gc,phases   ] GC(4)   Other: 0.1ms
[2023-02-20T18:26:55.633+0100][gc,heap     ] GC(4) Eden regions: 16->0(50)
[2023-02-20T18:26:55.633+0100][gc,heap     ] GC(4) Survivor regions: 6->1(7)
[2023-02-20T18:26:55.633+0100][gc,heap     ] GC(4) Old regions: 8->13
[2023-02-20T18:26:55.633+0100][gc,heap     ] GC(4) Archive regions: 2->2
[2023-02-20T18:26:55.633+0100][gc,heap     ] GC(4) Humongous regions: 129->129
[2023-02-20T18:26:55.633+0100][gc,metaspace] GC(4) Metaspace: 35642K(35968K)->35642K(35968K) NonClass: 31703K(31872K)->31703K(31872K) Class: 3939K(4096K)->3939K(4096K)
[2023-02-20T18:26:55.634+0100][gc          ] GC(4) Pause Young (Concurrent Start) (Metadata GC Threshold) 158M->143M(1024M) 8.386ms
[2023-02-20T18:26:55.634+0100][gc          ] GC(5) Concurrent Mark Cycle
[2023-02-20T18:26:55.634+0100][gc,cpu      ] GC(4) User=0.02s Sys=0.00s Real=0.01s
[2023-02-20T18:26:55.634+0100][gc,marking  ] GC(5) Concurrent Clear Claimed Marks
[2023-02-20T18:26:55.634+0100][gc,marking  ] GC(5) Concurrent Clear Claimed Marks 0.044ms
[2023-02-20T18:26:55.634+0100][gc,marking  ] GC(5) Concurrent Scan Root Regions
[2023-02-20T18:26:55.639+0100][gc,marking  ] GC(5) Concurrent Scan Root Regions 5.604ms
[2023-02-20T18:26:55.639+0100][gc,marking  ] GC(5) Concurrent Mark
[2023-02-20T18:26:55.639+0100][gc,marking  ] GC(5) Concurrent Mark From Roots
[2023-02-20T18:26:55.639+0100][gc,task     ] GC(5) Using 1 workers of 1 for marking
[2023-02-20T18:26:55.652+0100][gc,marking  ] GC(5) Concurrent Mark From Roots 12.287ms
[2023-02-20T18:26:55.652+0100][gc,marking  ] GC(5) Concurrent Preclean
[2023-02-20T18:26:55.652+0100][gc,marking  ] GC(5) Concurrent Preclean 0.075ms
[2023-02-20T18:26:55.652+0100][gc,start    ] GC(5) Pause Remark
[2023-02-20T18:26:55.654+0100][gc          ] GC(5) Pause Remark 144M->144M(1024M) 1.618ms
[2023-02-20T18:26:55.654+0100][gc,cpu      ] GC(5) User=0.00s Sys=0.00s Real=0.00s
[2023-02-20T18:26:55.654+0100][gc,marking  ] GC(5) Concurrent Mark 15.159ms
[2023-02-20T18:26:55.654+0100][gc,marking  ] GC(5) Concurrent Rebuild Remembered Sets
[2023-02-20T18:26:55.669+0100][gc,marking  ] GC(5) Concurrent Rebuild Remembered Sets 14.982ms
[2023-02-20T18:26:55.670+0100][gc,start    ] GC(5) Pause Cleanup
[2023-02-20T18:26:55.670+0100][gc          ] GC(5) Pause Cleanup 145M->145M(1024M) 0.080ms
[2023-02-20T18:26:55.670+0100][gc,cpu      ] GC(5) User=0.00s Sys=0.00s Real=0.00s
[2023-02-20T18:26:55.670+0100][gc,marking  ] GC(5) Concurrent Cleanup for Next Mark
[2023-02-20T18:26:55.678+0100][gc,marking  ] GC(5) Concurrent Cleanup for Next Mark 8.576ms
[2023-02-20T18:26:55.678+0100][gc          ] GC(5) Concurrent Mark Cycle 44.813ms
[2023-02-20T18:27:01.008+0100][gc,heap,exit] Heap
[2023-02-20T18:27:01.008+0100][gc,heap,exit]  garbage-first heap   total 1048576K, used 160699K [0x00000007c0000000, 0x0000000800000000)
[2023-02-20T18:27:01.008+0100][gc,heap,exit]   region size 1024K, 15 young (15360K), 1 survivors (1024K)
[2023-02-20T18:27:01.008+0100][gc,heap,exit]  Metaspace       used 36801K, committed 37120K, reserved 1114112K
[2023-02-20T18:27:01.008+0100][gc,heap,exit]   class space    used 4158K, committed 4288K, reserved 1048576K
