[2023-02-18T17:37:22.053+0100][gc,init] CardTable entry size: 512
[2023-02-18T17:37:22.053+0100][gc     ] Using G1
[2023-02-18T17:37:22.059+0100][gc,init] Version: 19.0.1+10-21 (release)
[2023-02-18T17:37:22.059+0100][gc,init] CPUs: 4 total, 4 available
[2023-02-18T17:37:22.059+0100][gc,init] Memory: 16384M
[2023-02-18T17:37:22.059+0100][gc,init] Large Page Support: Disabled
[2023-02-18T17:37:22.059+0100][gc,init] NUMA Support: Disabled
[2023-02-18T17:37:22.059+0100][gc,init] Compressed Oops: Enabled (Zero based)
[2023-02-18T17:37:22.059+0100][gc,init] Heap Region Size: 1M
[2023-02-18T17:37:22.059+0100][gc,init] Heap Min Capacity: 1G
[2023-02-18T17:37:22.059+0100][gc,init] Heap Initial Capacity: 1G
[2023-02-18T17:37:22.059+0100][gc,init] Heap Max Capacity: 1G
[2023-02-18T17:37:22.059+0100][gc,init] Pre-touch: Disabled
[2023-02-18T17:37:22.059+0100][gc,init] Parallel Workers: 4
[2023-02-18T17:37:22.059+0100][gc,init] Concurrent Workers: 1
[2023-02-18T17:37:22.059+0100][gc,init] Concurrent Refinement Workers: 4
[2023-02-18T17:37:22.059+0100][gc,init] Periodic GC: Disabled
[2023-02-18T17:37:22.059+0100][gc,metaspace] CDS archive(s) mapped at: [0x0000000800000000-0x0000000800c44000-0x0000000800c44000), size 12861440, SharedBaseAddress: 0x0000000800000000, ArchiveRelocationMode: 0.
[2023-02-18T17:37:22.059+0100][gc,metaspace] Compressed class space mapped at: 0x0000000801000000-0x0000000841000000, reserved size: 1073741824
[2023-02-18T17:37:22.059+0100][gc,metaspace] Narrow klass base: 0x0000000800000000, Narrow klass shift: 0, Narrow klass range: 0x100000000
[2023-02-18T17:37:23.157+0100][gc,start    ] GC(0) Pause Young (Normal) (G1 Evacuation Pause)
[2023-02-18T17:37:23.157+0100][gc,task     ] GC(0) Using 4 workers of 4 for evacuation
[2023-02-18T17:37:23.164+0100][gc,phases   ] GC(0)   Pre Evacuate Collection Set: 0.1ms
[2023-02-18T17:37:23.164+0100][gc,phases   ] GC(0)   Merge Heap Roots: 0.1ms
[2023-02-18T17:37:23.164+0100][gc,phases   ] GC(0)   Evacuate Collection Set: 6.1ms
[2023-02-18T17:37:23.164+0100][gc,phases   ] GC(0)   Post Evacuate Collection Set: 0.5ms
[2023-02-18T17:37:23.164+0100][gc,phases   ] GC(0)   Other: 0.3ms
[2023-02-18T17:37:23.164+0100][gc,heap     ] GC(0) Eden regions: 51->0(44)
[2023-02-18T17:37:23.164+0100][gc,heap     ] GC(0) Survivor regions: 0->7(7)
[2023-02-18T17:37:23.164+0100][gc,heap     ] GC(0) Old regions: 0->1
[2023-02-18T17:37:23.164+0100][gc,heap     ] GC(0) Archive regions: 2->2
[2023-02-18T17:37:23.164+0100][gc,heap     ] GC(0) Humongous regions: 0->0
[2023-02-18T17:37:23.164+0100][gc,metaspace] GC(0) Metaspace: 18532K(18752K)->18532K(18752K) NonClass: 16438K(16512K)->16438K(16512K) Class: 2094K(2240K)->2094K(2240K)
[2023-02-18T17:37:23.164+0100][gc          ] GC(0) Pause Young (Normal) (G1 Evacuation Pause) 51M->7M(1024M) 7.443ms
[2023-02-18T17:37:23.164+0100][gc,cpu      ] GC(0) User=0.02s Sys=0.00s Real=0.01s
[2023-02-18T17:37:23.359+0100][gc,start    ] GC(1) Pause Young (Concurrent Start) (Metadata GC Threshold)
[2023-02-18T17:37:23.359+0100][gc,task     ] GC(1) Using 4 workers of 4 for evacuation
[2023-02-18T17:37:23.366+0100][gc,phases   ] GC(1)   Pre Evacuate Collection Set: 0.2ms
[2023-02-18T17:37:23.366+0100][gc,phases   ] GC(1)   Merge Heap Roots: 0.0ms
[2023-02-18T17:37:23.366+0100][gc,phases   ] GC(1)   Evacuate Collection Set: 6.8ms
[2023-02-18T17:37:23.366+0100][gc,phases   ] GC(1)   Post Evacuate Collection Set: 0.4ms
[2023-02-18T17:37:23.366+0100][gc,phases   ] GC(1)   Other: 0.1ms
[2023-02-18T17:37:23.366+0100][gc,heap     ] GC(1) Eden regions: 11->0(50)
[2023-02-18T17:37:23.366+0100][gc,heap     ] GC(1) Survivor regions: 7->1(7)
[2023-02-18T17:37:23.366+0100][gc,heap     ] GC(1) Old regions: 1->7
[2023-02-18T17:37:23.366+0100][gc,heap     ] GC(1) Archive regions: 2->2
[2023-02-18T17:37:23.366+0100][gc,heap     ] GC(1) Humongous regions: 0->0
[2023-02-18T17:37:23.366+0100][gc,metaspace] GC(1) Metaspace: 21294K(21504K)->21294K(21504K) NonClass: 18861K(18944K)->18861K(18944K) Class: 2432K(2560K)->2432K(2560K)
[2023-02-18T17:37:23.366+0100][gc          ] GC(1) Pause Young (Concurrent Start) (Metadata GC Threshold) 18M->8M(1024M) 7.700ms
[2023-02-18T17:37:23.366+0100][gc,cpu      ] GC(1) User=0.02s Sys=0.00s Real=0.01s
[2023-02-18T17:37:23.367+0100][gc          ] GC(2) Concurrent Mark Cycle
[2023-02-18T17:37:23.367+0100][gc,marking  ] GC(2) Concurrent Clear Claimed Marks
[2023-02-18T17:37:23.367+0100][gc,marking  ] GC(2) Concurrent Clear Claimed Marks 0.014ms
[2023-02-18T17:37:23.367+0100][gc,marking  ] GC(2) Concurrent Scan Root Regions
[2023-02-18T17:37:23.370+0100][gc,marking  ] GC(2) Concurrent Scan Root Regions 3.542ms
[2023-02-18T17:37:23.370+0100][gc,marking  ] GC(2) Concurrent Mark
[2023-02-18T17:37:23.370+0100][gc,marking  ] GC(2) Concurrent Mark From Roots
[2023-02-18T17:37:23.370+0100][gc,task     ] GC(2) Using 1 workers of 1 for marking
[2023-02-18T17:37:23.371+0100][gc,marking  ] GC(2) Concurrent Mark From Roots 0.869ms
[2023-02-18T17:37:23.371+0100][gc,marking  ] GC(2) Concurrent Preclean
[2023-02-18T17:37:23.371+0100][gc,marking  ] GC(2) Concurrent Preclean 0.016ms
[2023-02-18T17:37:23.371+0100][gc,start    ] GC(2) Pause Remark
[2023-02-18T17:37:23.373+0100][gc          ] GC(2) Pause Remark 9M->9M(1024M) 1.474ms
[2023-02-18T17:37:23.373+0100][gc,cpu      ] GC(2) User=0.00s Sys=0.00s Real=0.00s
[2023-02-18T17:37:23.373+0100][gc,marking  ] GC(2) Concurrent Mark 2.610ms
[2023-02-18T17:37:23.373+0100][gc,marking  ] GC(2) Concurrent Rebuild Remembered Sets
[2023-02-18T17:37:23.373+0100][gc,marking  ] GC(2) Concurrent Rebuild Remembered Sets 0.007ms
[2023-02-18T17:37:23.373+0100][gc,start    ] GC(2) Pause Cleanup
[2023-02-18T17:37:23.373+0100][gc          ] GC(2) Pause Cleanup 9M->9M(1024M) 0.018ms
[2023-02-18T17:37:23.373+0100][gc,cpu      ] GC(2) User=0.00s Sys=0.00s Real=0.00s
[2023-02-18T17:37:23.373+0100][gc,marking  ] GC(2) Concurrent Cleanup for Next Mark
[2023-02-18T17:37:23.381+0100][gc,marking  ] GC(2) Concurrent Cleanup for Next Mark 8.441ms
[2023-02-18T17:37:23.381+0100][gc          ] GC(2) Concurrent Mark Cycle 14.936ms
[2023-02-18T17:37:24.285+0100][gc,start    ] GC(3) Pause Young (Normal) (G1 Evacuation Pause)
[2023-02-18T17:37:24.285+0100][gc,task     ] GC(3) Using 4 workers of 4 for evacuation
[2023-02-18T17:37:24.292+0100][gc,phases   ] GC(3)   Pre Evacuate Collection Set: 0.1ms
[2023-02-18T17:37:24.292+0100][gc,phases   ] GC(3)   Merge Heap Roots: 0.1ms
[2023-02-18T17:37:24.292+0100][gc,phases   ] GC(3)   Evacuate Collection Set: 5.9ms
[2023-02-18T17:37:24.292+0100][gc,phases   ] GC(3)   Post Evacuate Collection Set: 0.7ms
[2023-02-18T17:37:24.292+0100][gc,phases   ] GC(3)   Other: 0.1ms
[2023-02-18T17:37:24.292+0100][gc,heap     ] GC(3) Eden regions: 50->0(45)
[2023-02-18T17:37:24.292+0100][gc,heap     ] GC(3) Survivor regions: 1->6(7)
[2023-02-18T17:37:24.292+0100][gc,heap     ] GC(3) Old regions: 7->7
[2023-02-18T17:37:24.292+0100][gc,heap     ] GC(3) Archive regions: 2->2
[2023-02-18T17:37:24.292+0100][gc,heap     ] GC(3) Humongous regions: 129->129
[2023-02-18T17:37:24.292+0100][gc,metaspace] GC(3) Metaspace: 31601K(32000K)->31601K(32000K) NonClass: 28141K(28352K)->28141K(28352K) Class: 3460K(3648K)->3460K(3648K)
[2023-02-18T17:37:24.292+0100][gc          ] GC(3) Pause Young (Normal) (G1 Evacuation Pause) 187M->142M(1024M) 7.123ms
[2023-02-18T17:37:24.292+0100][gc,cpu      ] GC(3) User=0.01s Sys=0.00s Real=0.01s
[2023-02-18T17:37:24.558+0100][gc,start    ] GC(4) Pause Young (Concurrent Start) (Metadata GC Threshold)
[2023-02-18T17:37:24.558+0100][gc,task     ] GC(4) Using 4 workers of 4 for evacuation
[2023-02-18T17:37:24.567+0100][gc,phases   ] GC(4)   Pre Evacuate Collection Set: 0.2ms
[2023-02-18T17:37:24.567+0100][gc,phases   ] GC(4)   Merge Heap Roots: 0.0ms
[2023-02-18T17:37:24.567+0100][gc,phases   ] GC(4)   Evacuate Collection Set: 7.8ms
[2023-02-18T17:37:24.567+0100][gc,phases   ] GC(4)   Post Evacuate Collection Set: 0.3ms
[2023-02-18T17:37:24.567+0100][gc,phases   ] GC(4)   Other: 0.1ms
[2023-02-18T17:37:24.567+0100][gc,heap     ] GC(4) Eden regions: 18->0(49)
[2023-02-18T17:37:24.567+0100][gc,heap     ] GC(4) Survivor regions: 6->2(7)
[2023-02-18T17:37:24.567+0100][gc,heap     ] GC(4) Old regions: 7->13
[2023-02-18T17:37:24.567+0100][gc,heap     ] GC(4) Archive regions: 2->2
[2023-02-18T17:37:24.567+0100][gc,heap     ] GC(4) Humongous regions: 129->129
[2023-02-18T17:37:24.567+0100][gc,metaspace] GC(4) Metaspace: 35847K(36096K)->35847K(36096K) NonClass: 32003K(32128K)->32003K(32128K) Class: 3843K(3968K)->3843K(3968K)
[2023-02-18T17:37:24.567+0100][gc          ] GC(4) Pause Young (Concurrent Start) (Metadata GC Threshold) 159M->143M(1024M) 8.808ms
[2023-02-18T17:37:24.567+0100][gc          ] GC(5) Concurrent Mark Cycle
[2023-02-18T17:37:24.567+0100][gc,cpu      ] GC(4) User=0.03s Sys=0.00s Real=0.01s
[2023-02-18T17:37:24.567+0100][gc,marking  ] GC(5) Concurrent Clear Claimed Marks
[2023-02-18T17:37:24.567+0100][gc,marking  ] GC(5) Concurrent Clear Claimed Marks 0.051ms
[2023-02-18T17:37:24.567+0100][gc,marking  ] GC(5) Concurrent Scan Root Regions
[2023-02-18T17:37:24.575+0100][gc,marking  ] GC(5) Concurrent Scan Root Regions 7.508ms
[2023-02-18T17:37:24.575+0100][gc,marking  ] GC(5) Concurrent Mark
[2023-02-18T17:37:24.575+0100][gc,marking  ] GC(5) Concurrent Mark From Roots
[2023-02-18T17:37:24.575+0100][gc,task     ] GC(5) Using 1 workers of 1 for marking
[2023-02-18T17:37:24.587+0100][gc,marking  ] GC(5) Concurrent Mark From Roots 12.534ms
[2023-02-18T17:37:24.587+0100][gc,marking  ] GC(5) Concurrent Preclean
[2023-02-18T17:37:24.588+0100][gc,marking  ] GC(5) Concurrent Preclean 0.063ms
[2023-02-18T17:37:24.588+0100][gc,start    ] GC(5) Pause Remark
[2023-02-18T17:37:24.590+0100][gc          ] GC(5) Pause Remark 145M->145M(1024M) 1.835ms
[2023-02-18T17:37:24.590+0100][gc,cpu      ] GC(5) User=0.01s Sys=0.00s Real=0.01s
[2023-02-18T17:37:24.594+0100][gc,marking  ] GC(5) Concurrent Mark 19.393ms
[2023-02-18T17:37:24.594+0100][gc,marking  ] GC(5) Concurrent Rebuild Remembered Sets
[2023-02-18T17:37:24.607+0100][gc,marking  ] GC(5) Concurrent Rebuild Remembered Sets 12.624ms
[2023-02-18T17:37:24.607+0100][gc,start    ] GC(5) Pause Cleanup
[2023-02-18T17:37:24.607+0100][gc          ] GC(5) Pause Cleanup 147M->147M(1024M) 0.093ms
[2023-02-18T17:37:24.607+0100][gc,cpu      ] GC(5) User=0.00s Sys=0.00s Real=0.00s
[2023-02-18T17:37:24.611+0100][gc,marking  ] GC(5) Concurrent Cleanup for Next Mark
[2023-02-18T17:37:24.621+0100][gc,marking  ] GC(5) Concurrent Cleanup for Next Mark 10.271ms
[2023-02-18T17:37:24.621+0100][gc          ] GC(5) Concurrent Mark Cycle 53.633ms
[2023-02-18T17:37:46.227+0100][gc,heap,exit] Heap
[2023-02-18T17:37:46.227+0100][gc,heap,exit]  garbage-first heap   total 1048576K, used 184814K [0x00000007c0000000, 0x0000000800000000)
[2023-02-18T17:37:46.227+0100][gc,heap,exit]   region size 1024K, 33 young (33792K), 2 survivors (2048K)
[2023-02-18T17:37:46.227+0100][gc,heap,exit]  Metaspace       used 39786K, committed 40256K, reserved 1114112K
[2023-02-18T17:37:46.227+0100][gc,heap,exit]   class space    used 4562K, committed 4800K, reserved 1048576K
