[2023-03-04T10:45:37.366+0100][gc,init] CardTable entry size: 512
[2023-03-04T10:45:37.366+0100][gc     ] Using G1
[2023-03-04T10:45:37.374+0100][gc,init] Version: 19.0.1+10-21 (release)
[2023-03-04T10:45:37.374+0100][gc,init] CPUs: 4 total, 4 available
[2023-03-04T10:45:37.374+0100][gc,init] Memory: 16384M
[2023-03-04T10:45:37.374+0100][gc,init] Large Page Support: Disabled
[2023-03-04T10:45:37.374+0100][gc,init] NUMA Support: Disabled
[2023-03-04T10:45:37.374+0100][gc,init] Compressed Oops: Enabled (Zero based)
[2023-03-04T10:45:37.374+0100][gc,init] Heap Region Size: 1M
[2023-03-04T10:45:37.374+0100][gc,init] Heap Min Capacity: 1G
[2023-03-04T10:45:37.374+0100][gc,init] Heap Initial Capacity: 1G
[2023-03-04T10:45:37.374+0100][gc,init] Heap Max Capacity: 1G
[2023-03-04T10:45:37.374+0100][gc,init] Pre-touch: Disabled
[2023-03-04T10:45:37.374+0100][gc,init] Parallel Workers: 4
[2023-03-04T10:45:37.374+0100][gc,init] Concurrent Workers: 1
[2023-03-04T10:45:37.374+0100][gc,init] Concurrent Refinement Workers: 4
[2023-03-04T10:45:37.374+0100][gc,init] Periodic GC: Disabled
[2023-03-04T10:45:37.374+0100][gc,metaspace] CDS archive(s) mapped at: [0x0000000800000000-0x0000000800c44000-0x0000000800c44000), size 12861440, SharedBaseAddress: 0x0000000800000000, ArchiveRelocationMode: 0.
[2023-03-04T10:45:37.374+0100][gc,metaspace] Compressed class space mapped at: 0x0000000801000000-0x0000000841000000, reserved size: 1073741824
[2023-03-04T10:45:37.374+0100][gc,metaspace] Narrow klass base: 0x0000000800000000, Narrow klass shift: 0, Narrow klass range: 0x100000000
[2023-03-04T10:45:39.197+0100][gc,start    ] GC(0) Pause Young (Normal) (G1 Evacuation Pause)
[2023-03-04T10:45:39.197+0100][gc,task     ] GC(0) Using 4 workers of 4 for evacuation
[2023-03-04T10:45:39.204+0100][gc,phases   ] GC(0)   Pre Evacuate Collection Set: 0.1ms
[2023-03-04T10:45:39.204+0100][gc,phases   ] GC(0)   Merge Heap Roots: 0.1ms
[2023-03-04T10:45:39.204+0100][gc,phases   ] GC(0)   Evacuate Collection Set: 5.4ms
[2023-03-04T10:45:39.204+0100][gc,phases   ] GC(0)   Post Evacuate Collection Set: 1.0ms
[2023-03-04T10:45:39.204+0100][gc,phases   ] GC(0)   Other: 0.4ms
[2023-03-04T10:45:39.204+0100][gc,heap     ] GC(0) Eden regions: 51->0(44)
[2023-03-04T10:45:39.204+0100][gc,heap     ] GC(0) Survivor regions: 0->7(7)
[2023-03-04T10:45:39.204+0100][gc,heap     ] GC(0) Old regions: 0->1
[2023-03-04T10:45:39.204+0100][gc,heap     ] GC(0) Archive regions: 2->2
[2023-03-04T10:45:39.204+0100][gc,heap     ] GC(0) Humongous regions: 0->0
[2023-03-04T10:45:39.204+0100][gc,metaspace] GC(0) Metaspace: 18561K(18816K)->18561K(18816K) NonClass: 16465K(16576K)->16465K(16576K) Class: 2096K(2240K)->2096K(2240K)
[2023-03-04T10:45:39.205+0100][gc          ] GC(0) Pause Young (Normal) (G1 Evacuation Pause) 51M->8M(1024M) 7.549ms
[2023-03-04T10:45:39.205+0100][gc,cpu      ] GC(0) User=0.02s Sys=0.00s Real=0.01s
[2023-03-04T10:45:39.628+0100][gc,start    ] GC(1) Pause Young (Concurrent Start) (Metadata GC Threshold)
[2023-03-04T10:45:39.628+0100][gc,task     ] GC(1) Using 4 workers of 4 for evacuation
[2023-03-04T10:45:39.636+0100][gc,phases   ] GC(1)   Pre Evacuate Collection Set: 0.1ms
[2023-03-04T10:45:39.636+0100][gc,phases   ] GC(1)   Merge Heap Roots: 0.0ms
[2023-03-04T10:45:39.636+0100][gc,phases   ] GC(1)   Evacuate Collection Set: 7.5ms
[2023-03-04T10:45:39.636+0100][gc,phases   ] GC(1)   Post Evacuate Collection Set: 0.5ms
[2023-03-04T10:45:39.636+0100][gc,phases   ] GC(1)   Other: 0.1ms
[2023-03-04T10:45:39.636+0100][gc,heap     ] GC(1) Eden regions: 11->0(50)
[2023-03-04T10:45:39.636+0100][gc,heap     ] GC(1) Survivor regions: 7->1(7)
[2023-03-04T10:45:39.636+0100][gc,heap     ] GC(1) Old regions: 1->8
[2023-03-04T10:45:39.637+0100][gc,heap     ] GC(1) Archive regions: 2->2
[2023-03-04T10:45:39.637+0100][gc,heap     ] GC(1) Humongous regions: 0->0
[2023-03-04T10:45:39.637+0100][gc,metaspace] GC(1) Metaspace: 21261K(21504K)->21261K(21504K) NonClass: 18822K(18944K)->18822K(18944K) Class: 2438K(2560K)->2438K(2560K)
[2023-03-04T10:45:39.637+0100][gc          ] GC(1) Pause Young (Concurrent Start) (Metadata GC Threshold) 18M->9M(1024M) 8.704ms
[2023-03-04T10:45:39.637+0100][gc,cpu      ] GC(1) User=0.01s Sys=0.00s Real=0.01s
[2023-03-04T10:45:39.637+0100][gc          ] GC(2) Concurrent Mark Cycle
[2023-03-04T10:45:39.637+0100][gc,marking  ] GC(2) Concurrent Clear Claimed Marks
[2023-03-04T10:45:39.637+0100][gc,marking  ] GC(2) Concurrent Clear Claimed Marks 0.072ms
[2023-03-04T10:45:39.637+0100][gc,marking  ] GC(2) Concurrent Scan Root Regions
[2023-03-04T10:45:39.642+0100][gc,marking  ] GC(2) Concurrent Scan Root Regions 4.448ms
[2023-03-04T10:45:39.642+0100][gc,marking  ] GC(2) Concurrent Mark
[2023-03-04T10:45:39.642+0100][gc,marking  ] GC(2) Concurrent Mark From Roots
[2023-03-04T10:45:39.642+0100][gc,task     ] GC(2) Using 1 workers of 1 for marking
[2023-03-04T10:45:39.645+0100][gc,marking  ] GC(2) Concurrent Mark From Roots 3.398ms
[2023-03-04T10:45:39.645+0100][gc,marking  ] GC(2) Concurrent Preclean
[2023-03-04T10:45:39.645+0100][gc,marking  ] GC(2) Concurrent Preclean 0.042ms
[2023-03-04T10:45:39.714+0100][gc,start    ] GC(2) Pause Remark
[2023-03-04T10:45:39.716+0100][gc          ] GC(2) Pause Remark 138M->138M(1024M) 1.669ms
[2023-03-04T10:45:39.716+0100][gc,cpu      ] GC(2) User=0.00s Sys=0.00s Real=0.00s
[2023-03-04T10:45:39.716+0100][gc,marking  ] GC(2) Concurrent Mark 74.646ms
[2023-03-04T10:45:39.716+0100][gc,marking  ] GC(2) Concurrent Rebuild Remembered Sets
[2023-03-04T10:45:39.721+0100][gc,marking  ] GC(2) Concurrent Rebuild Remembered Sets 4.622ms
[2023-03-04T10:45:39.721+0100][gc,start    ] GC(2) Pause Cleanup
[2023-03-04T10:45:39.722+0100][gc          ] GC(2) Pause Cleanup 139M->139M(1024M) 0.216ms
[2023-03-04T10:45:39.722+0100][gc,cpu      ] GC(2) User=0.00s Sys=0.00s Real=0.00s
[2023-03-04T10:45:39.722+0100][gc,marking  ] GC(2) Concurrent Cleanup for Next Mark
[2023-03-04T10:45:39.737+0100][gc,marking  ] GC(2) Concurrent Cleanup for Next Mark 14.918ms
[2023-03-04T10:45:39.738+0100][gc          ] GC(2) Concurrent Mark Cycle 100.766ms
[2023-03-04T10:45:40.685+0100][gc,start    ] GC(3) Pause Young (Normal) (G1 Evacuation Pause)
[2023-03-04T10:45:40.685+0100][gc,task     ] GC(3) Using 4 workers of 4 for evacuation
[2023-03-04T10:45:40.691+0100][gc,phases   ] GC(3)   Pre Evacuate Collection Set: 0.1ms
[2023-03-04T10:45:40.691+0100][gc,phases   ] GC(3)   Merge Heap Roots: 0.0ms
[2023-03-04T10:45:40.691+0100][gc,phases   ] GC(3)   Evacuate Collection Set: 5.9ms
[2023-03-04T10:45:40.691+0100][gc,phases   ] GC(3)   Post Evacuate Collection Set: 0.4ms
[2023-03-04T10:45:40.691+0100][gc,phases   ] GC(3)   Other: 0.1ms
[2023-03-04T10:45:40.691+0100][gc,heap     ] GC(3) Eden regions: 50->0(45)
[2023-03-04T10:45:40.691+0100][gc,heap     ] GC(3) Survivor regions: 1->6(7)
[2023-03-04T10:45:40.691+0100][gc,heap     ] GC(3) Old regions: 8->8
[2023-03-04T10:45:40.691+0100][gc,heap     ] GC(3) Archive regions: 2->2
[2023-03-04T10:45:40.691+0100][gc,heap     ] GC(3) Humongous regions: 129->129
[2023-03-04T10:45:40.691+0100][gc,metaspace] GC(3) Metaspace: 33141K(33408K)->33141K(33408K) NonClass: 29609K(29760K)->29609K(29760K) Class: 3531K(3648K)->3531K(3648K)
[2023-03-04T10:45:40.692+0100][gc          ] GC(3) Pause Young (Normal) (G1 Evacuation Pause) 188M->142M(1024M) 6.727ms
[2023-03-04T10:45:40.692+0100][gc,cpu      ] GC(3) User=0.02s Sys=0.00s Real=0.01s
[2023-03-04T10:46:16.014+0100][gc,start    ] GC(4) Pause Young (Concurrent Start) (Metadata GC Threshold)
[2023-03-04T10:46:16.014+0100][gc,task     ] GC(4) Using 4 workers of 4 for evacuation
[2023-03-04T10:46:16.020+0100][gc,phases   ] GC(4)   Pre Evacuate Collection Set: 0.1ms
[2023-03-04T10:46:16.020+0100][gc,phases   ] GC(4)   Merge Heap Roots: 0.0ms
[2023-03-04T10:46:16.020+0100][gc,phases   ] GC(4)   Evacuate Collection Set: 6.0ms
[2023-03-04T10:46:16.020+0100][gc,phases   ] GC(4)   Post Evacuate Collection Set: 0.3ms
[2023-03-04T10:46:16.020+0100][gc,phases   ] GC(4)   Other: 0.1ms
[2023-03-04T10:46:16.021+0100][gc,heap     ] GC(4) Eden regions: 13->0(50)
[2023-03-04T10:46:16.021+0100][gc,heap     ] GC(4) Survivor regions: 6->1(7)
[2023-03-04T10:46:16.021+0100][gc,heap     ] GC(4) Old regions: 8->13
[2023-03-04T10:46:16.021+0100][gc,heap     ] GC(4) Archive regions: 2->2
[2023-03-04T10:46:16.021+0100][gc,heap     ] GC(4) Humongous regions: 129->129
[2023-03-04T10:46:16.021+0100][gc,metaspace] GC(4) Metaspace: 35617K(35968K)->35617K(35968K) NonClass: 31699K(31872K)->31699K(31872K) Class: 3918K(4096K)->3918K(4096K)
[2023-03-04T10:46:16.021+0100][gc          ] GC(4) Pause Young (Concurrent Start) (Metadata GC Threshold) 155M->143M(1024M) 6.819ms
[2023-03-04T10:46:16.021+0100][gc,cpu      ] GC(4) User=0.02s Sys=0.01s Real=0.01s
[2023-03-04T10:46:16.021+0100][gc          ] GC(5) Concurrent Mark Cycle
[2023-03-04T10:46:16.021+0100][gc,marking  ] GC(5) Concurrent Clear Claimed Marks
[2023-03-04T10:46:16.021+0100][gc,marking  ] GC(5) Concurrent Clear Claimed Marks 0.017ms
[2023-03-04T10:46:16.021+0100][gc,marking  ] GC(5) Concurrent Scan Root Regions
[2023-03-04T10:46:16.028+0100][gc,marking  ] GC(5) Concurrent Scan Root Regions 7.434ms
[2023-03-04T10:46:16.028+0100][gc,marking  ] GC(5) Concurrent Mark
[2023-03-04T10:46:16.028+0100][gc,marking  ] GC(5) Concurrent Mark From Roots
[2023-03-04T10:46:16.028+0100][gc,task     ] GC(5) Using 1 workers of 1 for marking
[2023-03-04T10:46:16.039+0100][gc,marking  ] GC(5) Concurrent Mark From Roots 10.315ms
[2023-03-04T10:46:16.039+0100][gc,marking  ] GC(5) Concurrent Preclean
[2023-03-04T10:46:16.039+0100][gc,marking  ] GC(5) Concurrent Preclean 0.090ms
[2023-03-04T10:46:16.039+0100][gc,start    ] GC(5) Pause Remark
[2023-03-04T10:46:16.042+0100][gc          ] GC(5) Pause Remark 144M->144M(1024M) 3.251ms
[2023-03-04T10:46:16.042+0100][gc,cpu      ] GC(5) User=0.01s Sys=0.00s Real=0.01s
[2023-03-04T10:46:16.042+0100][gc,marking  ] GC(5) Concurrent Mark 13.987ms
[2023-03-04T10:46:16.042+0100][gc,marking  ] GC(5) Concurrent Rebuild Remembered Sets
[2023-03-04T10:46:16.053+0100][gc,marking  ] GC(5) Concurrent Rebuild Remembered Sets 10.876ms
[2023-03-04T10:46:16.056+0100][gc,start    ] GC(5) Pause Cleanup
[2023-03-04T10:46:16.056+0100][gc          ] GC(5) Pause Cleanup 145M->145M(1024M) 0.491ms
[2023-03-04T10:46:16.056+0100][gc,cpu      ] GC(5) User=0.00s Sys=0.00s Real=0.00s
[2023-03-04T10:46:16.057+0100][gc,marking  ] GC(5) Concurrent Cleanup for Next Mark
[2023-03-04T10:46:16.066+0100][gc,marking  ] GC(5) Concurrent Cleanup for Next Mark 9.790ms
[2023-03-04T10:46:16.066+0100][gc          ] GC(5) Concurrent Mark Cycle 45.831ms
[2023-03-04T10:54:26.261+0100][gc,start    ] GC(6) Pause Young (Prepare Mixed) (G1 Evacuation Pause)
[2023-03-04T10:54:26.263+0100][gc,task     ] GC(6) Using 4 workers of 4 for evacuation
[2023-03-04T10:54:26.271+0100][gc,phases   ] GC(6)   Pre Evacuate Collection Set: 0.1ms
[2023-03-04T10:54:26.271+0100][gc,phases   ] GC(6)   Merge Heap Roots: 0.1ms
[2023-03-04T10:54:26.271+0100][gc,phases   ] GC(6)   Evacuate Collection Set: 6.4ms
[2023-03-04T10:54:26.271+0100][gc,phases   ] GC(6)   Post Evacuate Collection Set: 0.7ms
[2023-03-04T10:54:26.271+0100][gc,phases   ] GC(6)   Other: 0.1ms
[2023-03-04T10:54:26.271+0100][gc,heap     ] GC(6) Eden regions: 50->0(47)
[2023-03-04T10:54:26.271+0100][gc,heap     ] GC(6) Survivor regions: 1->4(7)
[2023-03-04T10:54:26.271+0100][gc,heap     ] GC(6) Old regions: 13->13
[2023-03-04T10:54:26.271+0100][gc,heap     ] GC(6) Archive regions: 2->2
[2023-03-04T10:54:26.271+0100][gc,heap     ] GC(6) Humongous regions: 129->129
[2023-03-04T10:54:26.271+0100][gc,metaspace] GC(6) Metaspace: 41674K(42368K)->41674K(42368K) NonClass: 36820K(37184K)->36820K(37184K) Class: 4854K(5184K)->4854K(5184K)
[2023-03-04T10:54:26.271+0100][gc          ] GC(6) Pause Young (Prepare Mixed) (G1 Evacuation Pause) 193M->146M(1024M) 9.385ms
[2023-03-04T10:54:26.271+0100][gc,cpu      ] GC(6) User=0.03s Sys=0.00s Real=0.01s
[2023-03-04T11:30:26.304+0100][gc,start    ] GC(7) Pause Young (Mixed) (G1 Evacuation Pause)
[2023-03-04T11:30:26.305+0100][gc,task     ] GC(7) Using 4 workers of 4 for evacuation
[2023-03-04T11:30:26.316+0100][gc,phases   ] GC(7)   Pre Evacuate Collection Set: 0.1ms
[2023-03-04T11:30:26.316+0100][gc,phases   ] GC(7)   Merge Heap Roots: 0.1ms
[2023-03-04T11:30:26.316+0100][gc,phases   ] GC(7)   Evacuate Collection Set: 9.9ms
[2023-03-04T11:30:26.316+0100][gc,phases   ] GC(7)   Post Evacuate Collection Set: 1.0ms
[2023-03-04T11:30:26.316+0100][gc,phases   ] GC(7)   Other: 0.1ms
[2023-03-04T11:30:26.316+0100][gc,heap     ] GC(7) Eden regions: 47->0(47)
[2023-03-04T11:30:26.316+0100][gc,heap     ] GC(7) Survivor regions: 4->4(7)
[2023-03-04T11:30:26.316+0100][gc,heap     ] GC(7) Old regions: 13->13
[2023-03-04T11:30:26.316+0100][gc,heap     ] GC(7) Archive regions: 2->2
[2023-03-04T11:30:26.316+0100][gc,heap     ] GC(7) Humongous regions: 129->129
[2023-03-04T11:30:26.316+0100][gc,metaspace] GC(7) Metaspace: 42002K(42624K)->42002K(42624K) NonClass: 37126K(37440K)->37126K(37440K) Class: 4875K(5184K)->4875K(5184K)
[2023-03-04T11:30:26.316+0100][gc          ] GC(7) Pause Young (Mixed) (G1 Evacuation Pause) 193M->146M(1024M) 11.980ms
[2023-03-04T11:30:26.317+0100][gc,cpu      ] GC(7) User=0.04s Sys=0.00s Real=0.01s
[2023-03-04T12:09:11.271+0100][gc,start    ] GC(8) Pause Young (Normal) (G1 Evacuation Pause)
[2023-03-04T12:09:11.271+0100][gc,task     ] GC(8) Using 4 workers of 4 for evacuation
[2023-03-04T12:09:11.278+0100][gc,phases   ] GC(8)   Pre Evacuate Collection Set: 0.1ms
[2023-03-04T12:09:11.278+0100][gc,phases   ] GC(8)   Merge Heap Roots: 0.1ms
[2023-03-04T12:09:11.278+0100][gc,phases   ] GC(8)   Evacuate Collection Set: 6.3ms
[2023-03-04T12:09:11.278+0100][gc,phases   ] GC(8)   Post Evacuate Collection Set: 0.6ms
[2023-03-04T12:09:11.278+0100][gc,phases   ] GC(8)   Other: 0.1ms
[2023-03-04T12:09:11.278+0100][gc,heap     ] GC(8) Eden regions: 47->0(47)
[2023-03-04T12:09:11.278+0100][gc,heap     ] GC(8) Survivor regions: 4->4(7)
[2023-03-04T12:09:11.278+0100][gc,heap     ] GC(8) Old regions: 13->13
[2023-03-04T12:09:11.279+0100][gc,heap     ] GC(8) Archive regions: 2->2
[2023-03-04T12:09:11.279+0100][gc,heap     ] GC(8) Humongous regions: 129->129
[2023-03-04T12:09:11.279+0100][gc,metaspace] GC(8) Metaspace: 42169K(42816K)->42169K(42816K) NonClass: 37290K(37632K)->37290K(37632K) Class: 4879K(5184K)->4879K(5184K)
[2023-03-04T12:09:11.279+0100][gc          ] GC(8) Pause Young (Normal) (G1 Evacuation Pause) 193M->146M(1024M) 7.881ms
[2023-03-04T12:09:11.279+0100][gc,cpu      ] GC(8) User=0.02s Sys=0.00s Real=0.00s
[2023-03-04T12:48:06.315+0100][gc,start    ] GC(9) Pause Young (Normal) (G1 Evacuation Pause)
[2023-03-04T12:48:06.317+0100][gc,task     ] GC(9) Using 4 workers of 4 for evacuation
[2023-03-04T12:48:06.324+0100][gc,phases   ] GC(9)   Pre Evacuate Collection Set: 0.2ms
[2023-03-04T12:48:06.324+0100][gc,phases   ] GC(9)   Merge Heap Roots: 0.1ms
[2023-03-04T12:48:06.324+0100][gc,phases   ] GC(9)   Evacuate Collection Set: 5.4ms
[2023-03-04T12:48:06.324+0100][gc,phases   ] GC(9)   Post Evacuate Collection Set: 0.5ms
[2023-03-04T12:48:06.324+0100][gc,phases   ] GC(9)   Other: 0.2ms
[2023-03-04T12:48:06.324+0100][gc,heap     ] GC(9) Eden regions: 47->0(47)
[2023-03-04T12:48:06.324+0100][gc,heap     ] GC(9) Survivor regions: 4->4(7)
[2023-03-04T12:48:06.324+0100][gc,heap     ] GC(9) Old regions: 13->13
[2023-03-04T12:48:06.324+0100][gc,heap     ] GC(9) Archive regions: 2->2
[2023-03-04T12:48:06.324+0100][gc,heap     ] GC(9) Humongous regions: 129->129
[2023-03-04T12:48:06.324+0100][gc,metaspace] GC(9) Metaspace: 42190K(42816K)->42190K(42816K) NonClass: 37311K(37632K)->37311K(37632K) Class: 4879K(5184K)->4879K(5184K)
[2023-03-04T12:48:06.324+0100][gc          ] GC(9) Pause Young (Normal) (G1 Evacuation Pause) 193M->146M(1024M) 8.710ms
[2023-03-04T12:48:06.324+0100][gc,cpu      ] GC(9) User=0.02s Sys=0.00s Real=0.01s
[2023-03-04T13:25:41.439+0100][gc,start    ] GC(10) Pause Young (Normal) (G1 Evacuation Pause)
[2023-03-04T13:25:41.439+0100][gc,task     ] GC(10) Using 4 workers of 4 for evacuation
[2023-03-04T13:25:41.444+0100][gc,phases   ] GC(10)   Pre Evacuate Collection Set: 0.1ms
[2023-03-04T13:25:41.444+0100][gc,phases   ] GC(10)   Merge Heap Roots: 0.1ms
[2023-03-04T13:25:41.444+0100][gc,phases   ] GC(10)   Evacuate Collection Set: 3.9ms
[2023-03-04T13:25:41.444+0100][gc,phases   ] GC(10)   Post Evacuate Collection Set: 0.5ms
[2023-03-04T13:25:41.444+0100][gc,phases   ] GC(10)   Other: 0.1ms
[2023-03-04T13:25:41.444+0100][gc,heap     ] GC(10) Eden regions: 47->0(52)
[2023-03-04T13:25:41.444+0100][gc,heap     ] GC(10) Survivor regions: 4->4(7)
[2023-03-04T13:25:41.444+0100][gc,heap     ] GC(10) Old regions: 13->13
[2023-03-04T13:25:41.444+0100][gc,heap     ] GC(10) Archive regions: 2->2
[2023-03-04T13:25:41.444+0100][gc,heap     ] GC(10) Humongous regions: 129->129
[2023-03-04T13:25:41.444+0100][gc,metaspace] GC(10) Metaspace: 42296K(42944K)->42296K(42944K) NonClass: 37400K(37760K)->37400K(37760K) Class: 4895K(5184K)->4895K(5184K)
[2023-03-04T13:25:41.444+0100][gc          ] GC(10) Pause Young (Normal) (G1 Evacuation Pause) 193M->146M(1024M) 5.342ms
[2023-03-04T13:25:41.444+0100][gc,cpu      ] GC(10) User=0.01s Sys=0.00s Real=0.01s
[2023-03-04T13:25:41.463+0100][gc,heap,exit] Heap
[2023-03-04T13:25:41.463+0100][gc,heap,exit]  garbage-first heap   total 1048576K, used 151467K [0x00000007c0000000, 0x0000000800000000)
[2023-03-04T13:25:41.463+0100][gc,heap,exit]   region size 1024K, 6 young (6144K), 4 survivors (4096K)
[2023-03-04T13:25:41.463+0100][gc,heap,exit]  Metaspace       used 42352K, committed 42944K, reserved 1114112K
[2023-03-04T13:25:41.463+0100][gc,heap,exit]   class space    used 4906K, committed 5184K, reserved 1048576K
