[2023-02-18T17:36:51.285+0100][gc,init] CardTable entry size: 512
[2023-02-18T17:36:51.285+0100][gc     ] Using G1
[2023-02-18T17:36:51.291+0100][gc,init] Version: 19.0.1+10-21 (release)
[2023-02-18T17:36:51.291+0100][gc,init] CPUs: 4 total, 4 available
[2023-02-18T17:36:51.291+0100][gc,init] Memory: 16384M
[2023-02-18T17:36:51.291+0100][gc,init] Large Page Support: Disabled
[2023-02-18T17:36:51.291+0100][gc,init] NUMA Support: Disabled
[2023-02-18T17:36:51.291+0100][gc,init] Compressed Oops: Enabled (Zero based)
[2023-02-18T17:36:51.291+0100][gc,init] Heap Region Size: 1M
[2023-02-18T17:36:51.291+0100][gc,init] Heap Min Capacity: 1G
[2023-02-18T17:36:51.291+0100][gc,init] Heap Initial Capacity: 1G
[2023-02-18T17:36:51.291+0100][gc,init] Heap Max Capacity: 1G
[2023-02-18T17:36:51.291+0100][gc,init] Pre-touch: Disabled
[2023-02-18T17:36:51.291+0100][gc,init] Parallel Workers: 4
[2023-02-18T17:36:51.291+0100][gc,init] Concurrent Workers: 1
[2023-02-18T17:36:51.291+0100][gc,init] Concurrent Refinement Workers: 4
[2023-02-18T17:36:51.291+0100][gc,init] Periodic GC: Disabled
[2023-02-18T17:36:51.291+0100][gc,metaspace] CDS archive(s) mapped at: [0x0000000800000000-0x0000000800c44000-0x0000000800c44000), size 12861440, SharedBaseAddress: 0x0000000800000000, ArchiveRelocationMode: 0.
[2023-02-18T17:36:51.291+0100][gc,metaspace] Compressed class space mapped at: 0x0000000801000000-0x0000000841000000, reserved size: 1073741824
[2023-02-18T17:36:51.291+0100][gc,metaspace] Narrow klass base: 0x0000000800000000, Narrow klass shift: 0, Narrow klass range: 0x100000000
[2023-02-18T17:36:52.346+0100][gc,start    ] GC(0) Pause Young (Normal) (G1 Evacuation Pause)
[2023-02-18T17:36:52.346+0100][gc,task     ] GC(0) Using 4 workers of 4 for evacuation
[2023-02-18T17:36:52.353+0100][gc,phases   ] GC(0)   Pre Evacuate Collection Set: 0.1ms
[2023-02-18T17:36:52.354+0100][gc,phases   ] GC(0)   Merge Heap Roots: 0.1ms
[2023-02-18T17:36:52.354+0100][gc,phases   ] GC(0)   Evacuate Collection Set: 6.4ms
[2023-02-18T17:36:52.354+0100][gc,phases   ] GC(0)   Post Evacuate Collection Set: 0.6ms
[2023-02-18T17:36:52.354+0100][gc,phases   ] GC(0)   Other: 0.4ms
[2023-02-18T17:36:52.354+0100][gc,heap     ] GC(0) Eden regions: 51->0(44)
[2023-02-18T17:36:52.354+0100][gc,heap     ] GC(0) Survivor regions: 0->7(7)
[2023-02-18T17:36:52.354+0100][gc,heap     ] GC(0) Old regions: 0->0
[2023-02-18T17:36:52.354+0100][gc,heap     ] GC(0) Archive regions: 2->2
[2023-02-18T17:36:52.354+0100][gc,heap     ] GC(0) Humongous regions: 0->0
[2023-02-18T17:36:52.354+0100][gc,metaspace] GC(0) Metaspace: 18521K(18752K)->18521K(18752K) NonClass: 16427K(16512K)->16427K(16512K) Class: 2094K(2240K)->2094K(2240K)
[2023-02-18T17:36:52.354+0100][gc          ] GC(0) Pause Young (Normal) (G1 Evacuation Pause) 51M->7M(1024M) 7.865ms
[2023-02-18T17:36:52.354+0100][gc,cpu      ] GC(0) User=0.01s Sys=0.01s Real=0.01s
[2023-02-18T17:36:52.542+0100][gc,start    ] GC(1) Pause Young (Concurrent Start) (Metadata GC Threshold)
[2023-02-18T17:36:52.542+0100][gc,task     ] GC(1) Using 4 workers of 4 for evacuation
[2023-02-18T17:36:52.550+0100][gc,phases   ] GC(1)   Pre Evacuate Collection Set: 0.1ms
[2023-02-18T17:36:52.550+0100][gc,phases   ] GC(1)   Merge Heap Roots: 0.0ms
[2023-02-18T17:36:52.550+0100][gc,phases   ] GC(1)   Evacuate Collection Set: 6.9ms
[2023-02-18T17:36:52.550+0100][gc,phases   ] GC(1)   Post Evacuate Collection Set: 0.3ms
[2023-02-18T17:36:52.550+0100][gc,phases   ] GC(1)   Other: 0.1ms
[2023-02-18T17:36:52.550+0100][gc,heap     ] GC(1) Eden regions: 11->0(50)
[2023-02-18T17:36:52.550+0100][gc,heap     ] GC(1) Survivor regions: 7->1(7)
[2023-02-18T17:36:52.550+0100][gc,heap     ] GC(1) Old regions: 0->8
[2023-02-18T17:36:52.550+0100][gc,heap     ] GC(1) Archive regions: 2->2
[2023-02-18T17:36:52.550+0100][gc,heap     ] GC(1) Humongous regions: 0->0
[2023-02-18T17:36:52.550+0100][gc,metaspace] GC(1) Metaspace: 21266K(21504K)->21266K(21504K) NonClass: 18835K(18944K)->18835K(18944K) Class: 2431K(2560K)->2431K(2560K)
[2023-02-18T17:36:52.550+0100][gc          ] GC(1) Pause Young (Concurrent Start) (Metadata GC Threshold) 18M->8M(1024M) 7.760ms
[2023-02-18T17:36:52.550+0100][gc,cpu      ] GC(1) User=0.02s Sys=0.00s Real=0.01s
[2023-02-18T17:36:52.550+0100][gc          ] GC(2) Concurrent Mark Cycle
[2023-02-18T17:36:52.550+0100][gc,marking  ] GC(2) Concurrent Clear Claimed Marks
[2023-02-18T17:36:52.550+0100][gc,marking  ] GC(2) Concurrent Clear Claimed Marks 0.020ms
[2023-02-18T17:36:52.550+0100][gc,marking  ] GC(2) Concurrent Scan Root Regions
[2023-02-18T17:36:52.555+0100][gc,marking  ] GC(2) Concurrent Scan Root Regions 4.688ms
[2023-02-18T17:36:52.555+0100][gc,marking  ] GC(2) Concurrent Mark
[2023-02-18T17:36:52.555+0100][gc,marking  ] GC(2) Concurrent Mark From Roots
[2023-02-18T17:36:52.555+0100][gc,task     ] GC(2) Using 1 workers of 1 for marking
[2023-02-18T17:36:52.556+0100][gc,marking  ] GC(2) Concurrent Mark From Roots 0.800ms
[2023-02-18T17:36:52.556+0100][gc,marking  ] GC(2) Concurrent Preclean
[2023-02-18T17:36:52.556+0100][gc,marking  ] GC(2) Concurrent Preclean 0.016ms
[2023-02-18T17:36:52.556+0100][gc,start    ] GC(2) Pause Remark
[2023-02-18T17:36:52.558+0100][gc          ] GC(2) Pause Remark 9M->9M(1024M) 2.007ms
[2023-02-18T17:36:52.558+0100][gc,cpu      ] GC(2) User=0.00s Sys=0.00s Real=0.00s
[2023-02-18T17:36:52.558+0100][gc,marking  ] GC(2) Concurrent Mark 3.062ms
[2023-02-18T17:36:52.558+0100][gc,marking  ] GC(2) Concurrent Rebuild Remembered Sets
[2023-02-18T17:36:52.561+0100][gc,marking  ] GC(2) Concurrent Rebuild Remembered Sets 3.566ms
[2023-02-18T17:36:52.562+0100][gc,start    ] GC(2) Pause Cleanup
[2023-02-18T17:36:52.562+0100][gc          ] GC(2) Pause Cleanup 9M->9M(1024M) 0.097ms
[2023-02-18T17:36:52.562+0100][gc,cpu      ] GC(2) User=0.00s Sys=0.00s Real=0.00s
[2023-02-18T17:36:52.562+0100][gc,marking  ] GC(2) Concurrent Cleanup for Next Mark
[2023-02-18T17:36:52.571+0100][gc,marking  ] GC(2) Concurrent Cleanup for Next Mark 9.248ms
[2023-02-18T17:36:52.571+0100][gc          ] GC(2) Concurrent Mark Cycle 21.098ms
[2023-02-18T17:36:52.979+0100][gc,heap,exit] Heap
[2023-02-18T17:36:52.979+0100][gc,heap,exit]  garbage-first heap   total 1048576K, used 157910K [0x00000007c0000000, 0x0000000800000000)
[2023-02-18T17:36:52.979+0100][gc,heap,exit]   region size 1024K, 18 young (18432K), 1 survivors (1024K)
[2023-02-18T17:36:52.979+0100][gc,heap,exit]  Metaspace       used 23456K, committed 23872K, reserved 1114112K
[2023-02-18T17:36:52.979+0100][gc,heap,exit]   class space    used 2687K, committed 2880K, reserved 1048576K
