[2023-02-18T16:46:25.124+0100][gc,init] CardTable entry size: 512
[2023-02-18T16:46:25.124+0100][gc     ] Using G1
[2023-02-18T16:46:25.131+0100][gc,init] Version: 19.0.1+10-21 (release)
[2023-02-18T16:46:25.131+0100][gc,init] CPUs: 4 total, 4 available
[2023-02-18T16:46:25.131+0100][gc,init] Memory: 16384M
[2023-02-18T16:46:25.131+0100][gc,init] Large Page Support: Disabled
[2023-02-18T16:46:25.131+0100][gc,init] NUMA Support: Disabled
[2023-02-18T16:46:25.131+0100][gc,init] Compressed Oops: Enabled (Zero based)
[2023-02-18T16:46:25.131+0100][gc,init] Heap Region Size: 1M
[2023-02-18T16:46:25.131+0100][gc,init] Heap Min Capacity: 1G
[2023-02-18T16:46:25.131+0100][gc,init] Heap Initial Capacity: 1G
[2023-02-18T16:46:25.131+0100][gc,init] Heap Max Capacity: 1G
[2023-02-18T16:46:25.131+0100][gc,init] Pre-touch: Disabled
[2023-02-18T16:46:25.131+0100][gc,init] Parallel Workers: 4
[2023-02-18T16:46:25.131+0100][gc,init] Concurrent Workers: 1
[2023-02-18T16:46:25.131+0100][gc,init] Concurrent Refinement Workers: 4
[2023-02-18T16:46:25.131+0100][gc,init] Periodic GC: Disabled
[2023-02-18T16:46:25.131+0100][gc,metaspace] CDS archive(s) mapped at: [0x0000000800000000-0x0000000800c44000-0x0000000800c44000), size 12861440, SharedBaseAddress: 0x0000000800000000, ArchiveRelocationMode: 0.
[2023-02-18T16:46:25.131+0100][gc,metaspace] Compressed class space mapped at: 0x0000000801000000-0x0000000841000000, reserved size: 1073741824
[2023-02-18T16:46:25.131+0100][gc,metaspace] Narrow klass base: 0x0000000800000000, Narrow klass shift: 0, Narrow klass range: 0x100000000
[2023-02-18T16:46:26.984+0100][gc,start    ] GC(0) Pause Young (Normal) (G1 Evacuation Pause)
[2023-02-18T16:46:26.984+0100][gc,task     ] GC(0) Using 4 workers of 4 for evacuation
[2023-02-18T16:46:26.991+0100][gc,phases   ] GC(0)   Pre Evacuate Collection Set: 0.1ms
[2023-02-18T16:46:26.991+0100][gc,phases   ] GC(0)   Merge Heap Roots: 0.1ms
[2023-02-18T16:46:26.991+0100][gc,phases   ] GC(0)   Evacuate Collection Set: 5.9ms
[2023-02-18T16:46:26.991+0100][gc,phases   ] GC(0)   Post Evacuate Collection Set: 0.6ms
[2023-02-18T16:46:26.991+0100][gc,phases   ] GC(0)   Other: 0.3ms
[2023-02-18T16:46:26.991+0100][gc,heap     ] GC(0) Eden regions: 51->0(44)
[2023-02-18T16:46:26.991+0100][gc,heap     ] GC(0) Survivor regions: 0->7(7)
[2023-02-18T16:46:26.991+0100][gc,heap     ] GC(0) Old regions: 0->1
[2023-02-18T16:46:26.991+0100][gc,heap     ] GC(0) Archive regions: 2->2
[2023-02-18T16:46:26.991+0100][gc,heap     ] GC(0) Humongous regions: 0->0
[2023-02-18T16:46:26.991+0100][gc,metaspace] GC(0) Metaspace: 18571K(18816K)->18571K(18816K) NonClass: 16472K(16576K)->16472K(16576K) Class: 2098K(2240K)->2098K(2240K)
[2023-02-18T16:46:26.991+0100][gc          ] GC(0) Pause Young (Normal) (G1 Evacuation Pause) 51M->8M(1024M) 7.316ms
[2023-02-18T16:46:26.991+0100][gc,cpu      ] GC(0) User=0.02s Sys=0.01s Real=0.01s
[2023-02-18T16:46:27.318+0100][gc,start    ] GC(1) Pause Young (Concurrent Start) (Metadata GC Threshold)
[2023-02-18T16:46:27.318+0100][gc,task     ] GC(1) Using 4 workers of 4 for evacuation
[2023-02-18T16:46:27.325+0100][gc,phases   ] GC(1)   Pre Evacuate Collection Set: 0.1ms
[2023-02-18T16:46:27.325+0100][gc,phases   ] GC(1)   Merge Heap Roots: 0.0ms
[2023-02-18T16:46:27.325+0100][gc,phases   ] GC(1)   Evacuate Collection Set: 5.9ms
[2023-02-18T16:46:27.325+0100][gc,phases   ] GC(1)   Post Evacuate Collection Set: 0.3ms
[2023-02-18T16:46:27.325+0100][gc,phases   ] GC(1)   Other: 0.1ms
[2023-02-18T16:46:27.325+0100][gc,heap     ] GC(1) Eden regions: 12->0(50)
[2023-02-18T16:46:27.325+0100][gc,heap     ] GC(1) Survivor regions: 7->1(7)
[2023-02-18T16:46:27.325+0100][gc,heap     ] GC(1) Old regions: 1->8
[2023-02-18T16:46:27.325+0100][gc,heap     ] GC(1) Archive regions: 2->2
[2023-02-18T16:46:27.325+0100][gc,heap     ] GC(1) Humongous regions: 0->0
[2023-02-18T16:46:27.325+0100][gc,metaspace] GC(1) Metaspace: 21262K(21504K)->21262K(21504K) NonClass: 18822K(18944K)->18822K(18944K) Class: 2440K(2560K)->2440K(2560K)
[2023-02-18T16:46:27.325+0100][gc          ] GC(1) Pause Young (Concurrent Start) (Metadata GC Threshold) 19M->9M(1024M) 6.628ms
[2023-02-18T16:46:27.325+0100][gc,cpu      ] GC(1) User=0.02s Sys=0.00s Real=0.01s
[2023-02-18T16:46:27.325+0100][gc          ] GC(2) Concurrent Mark Cycle
[2023-02-18T16:46:27.325+0100][gc,marking  ] GC(2) Concurrent Clear Claimed Marks
[2023-02-18T16:46:27.325+0100][gc,marking  ] GC(2) Concurrent Clear Claimed Marks 0.019ms
[2023-02-18T16:46:27.325+0100][gc,marking  ] GC(2) Concurrent Scan Root Regions
[2023-02-18T16:46:27.329+0100][gc,marking  ] GC(2) Concurrent Scan Root Regions 3.537ms
[2023-02-18T16:46:27.329+0100][gc,marking  ] GC(2) Concurrent Mark
[2023-02-18T16:46:27.329+0100][gc,marking  ] GC(2) Concurrent Mark From Roots
[2023-02-18T16:46:27.329+0100][gc,task     ] GC(2) Using 1 workers of 1 for marking
[2023-02-18T16:46:27.330+0100][gc,marking  ] GC(2) Concurrent Mark From Roots 0.878ms
[2023-02-18T16:46:27.330+0100][gc,marking  ] GC(2) Concurrent Preclean
[2023-02-18T16:46:27.330+0100][gc,marking  ] GC(2) Concurrent Preclean 0.027ms
[2023-02-18T16:46:27.406+0100][gc,start    ] GC(2) Pause Remark
[2023-02-18T16:46:27.408+0100][gc          ] GC(2) Pause Remark 139M->139M(1024M) 1.841ms
[2023-02-18T16:46:27.408+0100][gc,cpu      ] GC(2) User=0.01s Sys=0.00s Real=0.00s
[2023-02-18T16:46:27.408+0100][gc,marking  ] GC(2) Concurrent Mark 79.666ms
[2023-02-18T16:46:27.408+0100][gc,marking  ] GC(2) Concurrent Rebuild Remembered Sets
[2023-02-18T16:46:27.413+0100][gc,marking  ] GC(2) Concurrent Rebuild Remembered Sets 4.399ms
[2023-02-18T16:46:27.417+0100][gc,start    ] GC(2) Pause Cleanup
[2023-02-18T16:46:27.418+0100][gc          ] GC(2) Pause Cleanup 139M->139M(1024M) 0.128ms
[2023-02-18T16:46:27.418+0100][gc,cpu      ] GC(2) User=0.00s Sys=0.00s Real=0.00s
[2023-02-18T16:46:27.418+0100][gc,marking  ] GC(2) Concurrent Cleanup for Next Mark
[2023-02-18T16:46:27.427+0100][gc,marking  ] GC(2) Concurrent Cleanup for Next Mark 9.667ms
[2023-02-18T16:46:27.427+0100][gc          ] GC(2) Concurrent Mark Cycle 102.381ms
[2023-02-18T16:46:28.293+0100][gc,start    ] GC(3) Pause Young (Normal) (G1 Evacuation Pause)
[2023-02-18T16:46:28.293+0100][gc,task     ] GC(3) Using 4 workers of 4 for evacuation
[2023-02-18T16:46:28.299+0100][gc,phases   ] GC(3)   Pre Evacuate Collection Set: 0.1ms
[2023-02-18T16:46:28.299+0100][gc,phases   ] GC(3)   Merge Heap Roots: 0.0ms
[2023-02-18T16:46:28.299+0100][gc,phases   ] GC(3)   Evacuate Collection Set: 4.9ms
[2023-02-18T16:46:28.299+0100][gc,phases   ] GC(3)   Post Evacuate Collection Set: 0.7ms
[2023-02-18T16:46:28.299+0100][gc,phases   ] GC(3)   Other: 0.2ms
[2023-02-18T16:46:28.299+0100][gc,heap     ] GC(3) Eden regions: 50->0(45)
[2023-02-18T16:46:28.299+0100][gc,heap     ] GC(3) Survivor regions: 1->6(7)
[2023-02-18T16:46:28.299+0100][gc,heap     ] GC(3) Old regions: 8->8
[2023-02-18T16:46:28.299+0100][gc,heap     ] GC(3) Archive regions: 2->2
[2023-02-18T16:46:28.299+0100][gc,heap     ] GC(3) Humongous regions: 129->129
[2023-02-18T16:46:28.299+0100][gc,metaspace] GC(3) Metaspace: 33275K(33600K)->33275K(33600K) NonClass: 29722K(29888K)->29722K(29888K) Class: 3553K(3712K)->3553K(3712K)
[2023-02-18T16:46:28.299+0100][gc          ] GC(3) Pause Young (Normal) (G1 Evacuation Pause) 188M->142M(1024M) 6.677ms
[2023-02-18T16:46:28.299+0100][gc,cpu      ] GC(3) User=0.02s Sys=0.00s Real=0.00s
[2023-02-18T16:46:33.379+0100][gc,start    ] GC(4) Pause Young (Concurrent Start) (Metadata GC Threshold)
[2023-02-18T16:46:33.379+0100][gc,task     ] GC(4) Using 4 workers of 4 for evacuation
[2023-02-18T16:46:33.388+0100][gc,phases   ] GC(4)   Pre Evacuate Collection Set: 0.1ms
[2023-02-18T16:46:33.388+0100][gc,phases   ] GC(4)   Merge Heap Roots: 0.0ms
[2023-02-18T16:46:33.389+0100][gc,phases   ] GC(4)   Evacuate Collection Set: 9.0ms
[2023-02-18T16:46:33.389+0100][gc,phases   ] GC(4)   Post Evacuate Collection Set: 0.7ms
[2023-02-18T16:46:33.389+0100][gc,phases   ] GC(4)   Other: 0.1ms
[2023-02-18T16:46:33.389+0100][gc,heap     ] GC(4) Eden regions: 14->0(49)
[2023-02-18T16:46:33.389+0100][gc,heap     ] GC(4) Survivor regions: 6->2(7)
[2023-02-18T16:46:33.389+0100][gc,heap     ] GC(4) Old regions: 8->12
[2023-02-18T16:46:33.389+0100][gc,heap     ] GC(4) Archive regions: 2->2
[2023-02-18T16:46:33.389+0100][gc,heap     ] GC(4) Humongous regions: 129->0
[2023-02-18T16:46:33.389+0100][gc,metaspace] GC(4) Metaspace: 35639K(35968K)->35639K(35968K) NonClass: 31709K(31872K)->31709K(31872K) Class: 3930K(4096K)->3930K(4096K)
[2023-02-18T16:46:33.389+0100][gc          ] GC(4) Pause Young (Concurrent Start) (Metadata GC Threshold) 156M->14M(1024M) 10.068ms
[2023-02-18T16:46:33.389+0100][gc          ] GC(5) Concurrent Mark Cycle
[2023-02-18T16:46:33.389+0100][gc,cpu      ] GC(4) User=0.03s Sys=0.00s Real=0.01s
[2023-02-18T16:46:33.389+0100][gc,marking  ] GC(5) Concurrent Clear Claimed Marks
[2023-02-18T16:46:33.389+0100][gc,marking  ] GC(5) Concurrent Clear Claimed Marks 0.059ms
[2023-02-18T16:46:33.389+0100][gc,marking  ] GC(5) Concurrent Scan Root Regions
[2023-02-18T16:46:33.395+0100][gc,marking  ] GC(5) Concurrent Scan Root Regions 6.364ms
[2023-02-18T16:46:33.395+0100][gc,marking  ] GC(5) Concurrent Mark
[2023-02-18T16:46:33.395+0100][gc,marking  ] GC(5) Concurrent Mark From Roots
[2023-02-18T16:46:33.395+0100][gc,task     ] GC(5) Using 1 workers of 1 for marking
[2023-02-18T16:46:33.408+0100][gc,marking  ] GC(5) Concurrent Mark From Roots 12.762ms
[2023-02-18T16:46:33.409+0100][gc,marking  ] GC(5) Concurrent Preclean
[2023-02-18T16:46:33.409+0100][gc,marking  ] GC(5) Concurrent Preclean 0.081ms
[2023-02-18T16:46:33.409+0100][gc,start    ] GC(5) Pause Remark
[2023-02-18T16:46:33.410+0100][gc          ] GC(5) Pause Remark 15M->15M(1024M) 1.390ms
[2023-02-18T16:46:33.410+0100][gc,cpu      ] GC(5) User=0.01s Sys=0.00s Real=0.01s
[2023-02-18T16:46:33.411+0100][gc,marking  ] GC(5) Concurrent Mark 15.375ms
[2023-02-18T16:46:33.411+0100][gc,marking  ] GC(5) Concurrent Rebuild Remembered Sets
[2023-02-18T16:46:33.424+0100][gc,marking  ] GC(5) Concurrent Rebuild Remembered Sets 13.095ms
[2023-02-18T16:46:33.424+0100][gc,start    ] GC(5) Pause Cleanup
[2023-02-18T16:46:33.424+0100][gc          ] GC(5) Pause Cleanup 15M->15M(1024M) 0.125ms
[2023-02-18T16:46:33.427+0100][gc,cpu      ] GC(5) User=0.00s Sys=0.00s Real=0.00s
[2023-02-18T16:46:33.428+0100][gc,marking  ] GC(5) Concurrent Cleanup for Next Mark
[2023-02-18T16:46:33.440+0100][gc,marking  ] GC(5) Concurrent Cleanup for Next Mark 12.558ms
[2023-02-18T16:46:33.440+0100][gc          ] GC(5) Concurrent Mark Cycle 51.561ms
[2023-02-18T16:46:33.568+0100][gc,heap,exit] Heap
[2023-02-18T16:46:33.568+0100][gc,heap,exit]  garbage-first heap   total 1048576K, used 19695K [0x00000007c0000000, 0x0000000800000000)
[2023-02-18T16:46:33.568+0100][gc,heap,exit]   region size 1024K, 8 young (8192K), 2 survivors (2048K)
[2023-02-18T16:46:33.568+0100][gc,heap,exit]  Metaspace       used 35921K, committed 36288K, reserved 1114112K
[2023-02-18T16:46:33.568+0100][gc,heap,exit]   class space    used 3993K, committed 4160K, reserved 1048576K
