[2023-02-18T17:36:05.553+0100][gc,init] CardTable entry size: 512
[2023-02-18T17:36:05.553+0100][gc     ] Using G1
[2023-02-18T17:36:05.557+0100][gc,init] Version: 19.0.1+10-21 (release)
[2023-02-18T17:36:05.557+0100][gc,init] CPUs: 4 total, 4 available
[2023-02-18T17:36:05.557+0100][gc,init] Memory: 16384M
[2023-02-18T17:36:05.557+0100][gc,init] Large Page Support: Disabled
[2023-02-18T17:36:05.557+0100][gc,init] NUMA Support: Disabled
[2023-02-18T17:36:05.557+0100][gc,init] Compressed Oops: Enabled (Zero based)
[2023-02-18T17:36:05.557+0100][gc,init] Heap Region Size: 1M
[2023-02-18T17:36:05.557+0100][gc,init] Heap Min Capacity: 512M
[2023-02-18T17:36:05.557+0100][gc,init] Heap Initial Capacity: 512M
[2023-02-18T17:36:05.557+0100][gc,init] Heap Max Capacity: 512M
[2023-02-18T17:36:05.557+0100][gc,init] Pre-touch: Disabled
[2023-02-18T17:36:05.557+0100][gc,init] Parallel Workers: 4
[2023-02-18T17:36:05.557+0100][gc,init] Concurrent Workers: 1
[2023-02-18T17:36:05.557+0100][gc,init] Concurrent Refinement Workers: 4
[2023-02-18T17:36:05.557+0100][gc,init] Periodic GC: Disabled
[2023-02-18T17:36:05.558+0100][gc,metaspace] CDS archive(s) mapped at: [0x0000000800000000-0x0000000800c44000-0x0000000800c44000), size 12861440, SharedBaseAddress: 0x0000000800000000, ArchiveRelocationMode: 0.
[2023-02-18T17:36:05.558+0100][gc,metaspace] Compressed class space mapped at: 0x0000000801000000-0x0000000841000000, reserved size: 1073741824
[2023-02-18T17:36:05.558+0100][gc,metaspace] Narrow klass base: 0x0000000800000000, Narrow klass shift: 0, Narrow klass range: 0x100000000
[2023-02-18T17:36:06.440+0100][gc,start    ] GC(0) Pause Young (Normal) (G1 Evacuation Pause)
[2023-02-18T17:36:06.440+0100][gc,task     ] GC(0) Using 4 workers of 4 for evacuation
[2023-02-18T17:36:06.445+0100][gc,phases   ] GC(0)   Pre Evacuate Collection Set: 0.0ms
[2023-02-18T17:36:06.446+0100][gc,phases   ] GC(0)   Merge Heap Roots: 0.1ms
[2023-02-18T17:36:06.446+0100][gc,phases   ] GC(0)   Evacuate Collection Set: 4.8ms
[2023-02-18T17:36:06.446+0100][gc,phases   ] GC(0)   Post Evacuate Collection Set: 0.6ms
[2023-02-18T17:36:06.446+0100][gc,phases   ] GC(0)   Other: 0.3ms
[2023-02-18T17:36:06.446+0100][gc,heap     ] GC(0) Eden regions: 25->0(21)
[2023-02-18T17:36:06.446+0100][gc,heap     ] GC(0) Survivor regions: 0->4(4)
[2023-02-18T17:36:06.446+0100][gc,heap     ] GC(0) Old regions: 0->4
[2023-02-18T17:36:06.446+0100][gc,heap     ] GC(0) Archive regions: 2->2
[2023-02-18T17:36:06.446+0100][gc,heap     ] GC(0) Humongous regions: 0->0
[2023-02-18T17:36:06.446+0100][gc,metaspace] GC(0) Metaspace: 8378K(8576K)->8378K(8576K) NonClass: 7502K(7616K)->7502K(7616K) Class: 876K(960K)->876K(960K)
[2023-02-18T17:36:06.446+0100][gc          ] GC(0) Pause Young (Normal) (G1 Evacuation Pause) 25M->8M(512M) 6.089ms
[2023-02-18T17:36:06.446+0100][gc,cpu      ] GC(0) User=0.01s Sys=0.00s Real=0.00s
[2023-02-18T17:36:55.917+0100][gc,heap,exit] Heap
[2023-02-18T17:36:55.917+0100][gc,heap,exit]  garbage-first heap   total 524288K, used 13679K [0x00000007e0000000, 0x0000000800000000)
[2023-02-18T17:36:55.917+0100][gc,heap,exit]   region size 1024K, 9 young (9216K), 4 survivors (4096K)
[2023-02-18T17:36:55.917+0100][gc,heap,exit]  Metaspace       used 9012K, committed 9280K, reserved 1114112K
[2023-02-18T17:36:55.917+0100][gc,heap,exit]   class space    used 948K, committed 1088K, reserved 1048576K
